Microchip MPLAB XC8 Compiler V2.05 ()

Linker command line:

-W-3 --edf=E:\Program Files (x86)\Microchip\xc8\v2.05\pic\dat\en_msgs.txt \
  -cs -h+dist/default/production\microchip_homework.X.production.sym \
  --cmf=dist/default/production\microchip_homework.X.production.cmf -z \
  -Q16F1786 -oC:\Users\GENIUS~1\AppData\Local\Temp\s9gg.2 \
  --defsym=__MPLAB_BUILD=1 \
  -Mdist/default/production/microchip_homework.X.production.map -E1 \
  -ver=XC8 --acfsm=1493 -ASTACK=02053h-023EFh -pstack=STACK \
  -ACODE=00h-07FFhx4 -ASTRCODE=00h-01FFFh -ASTRING=00h-0FFhx32 \
  -ACONST=00h-0FFhx32 -AENTRY=00h-0FFhx32 -ACOMMON=070h-07Fh \
  -ABANK0=020h-06Fh -ABANK1=0A0h-0EFh -ABANK2=0120h-016Fh \
  -ABANK3=01A0h-01EFh -ABANK4=0220h-026Fh -ABANK5=02A0h-02EFh \
  -ABANK6=0320h-036Fh -ABANK7=03A0h-03EFh -ABANK8=0420h-046Fh \
  -ABANK9=04A0h-04EFh -ABANK10=0520h-056Fh -ABANK11=05A0h-05EFh \
  -ABANK12=0620h-064Fh -ABIGRAM=02000h-023EFh \
  -ARAM=020h-06Fh,0A0h-0EFh,0120h-016Fh,01A0h-01EFh,0220h-026Fh,02A0h-02EFh,0320h-036Fh,03A0h-03EFh,0420h-046Fh,04A0h-04EFh,0520h-056Fh,05A0h-05EFh,0620h-064Fh \
  -AABS1=020h-07Fh,0A0h-0EFh,0120h-016Fh,01A0h-01EFh,0220h-026Fh,02A0h-02EFh,0320h-036Fh,03A0h-03EFh,0420h-046Fh,04A0h-04EFh,0520h-056Fh,05A0h-05EFh,0620h-064Fh \
  -ASFR0=00h-01Fh -ASFR1=080h-09Fh -ASFR2=0100h-011Fh -ASFR3=0180h-019Fh \
  -ASFR4=0200h-021Fh -ASFR5=0280h-029Fh -ASFR6=0300h-031Fh \
  -ASFR7=0380h-039Fh -ASFR8=0400h-041Fh -ASFR9=0480h-049Fh \
  -ASFR10=0500h-051Fh -ASFR11=0580h-059Fh -ASFR12=0600h-061Fh \
  -ASFR13=0680h-06EFh -ASFR14=0700h-076Fh -ASFR15=0780h-07EFh \
  -ASFR16=0800h-086Fh -ASFR17=0880h-08EFh -ASFR18=0900h-096Fh \
  -ASFR19=0980h-09EFh -ASFR20=0A00h-0A6Fh -ASFR21=0A80h-0AEFh \
  -ASFR22=0B00h-0B6Fh -ASFR23=0B80h-0BEFh -ASFR24=0C00h-0C6Fh \
  -ASFR25=0C80h-0CEFh -ASFR26=0D00h-0D6Fh -ASFR27=0D80h-0DEFh \
  -ASFR28=0E00h-0E6Fh -ASFR29=0E80h-0EEFh -ASFR30=0F00h-0F6Fh \
  -ASFR31=0F80h-0FEFh -preset_vec=00h,intentry=04h,init,end_init \
  -ppowerup=CODE -pcinit=CODE -pfunctab=ENTRY -ACONFIG=08007h-08008h \
  -pconfig=CONFIG -DCONFIG=2 -AIDLOC=08000h-08003h -pidloc=IDLOC -DIDLOC=2 \
  -AEEDATA=00h-0FFh/0F000h -peeprom_data=EEDATA -DEEDATA=2 -DCODE=2 \
  -DSTRCODE=2 -DSTRING=2 -DCONST=2 -DENTRY=2 -k \
  C:\Users\GENIUS~1\AppData\Local\Temp\s9gg.o \
  dist/default/production\microchip_homework.X.production.o 

Object code version is 3.11

Machine type is 16F1786



                Name                               Link     Load   Length Selector   Space Scale
C:\Users\GENIUS~1\AppData\Local\Temp\s9gg.o
                end_init                             5F       5F        2        8       0
                reset_vec                             0        0        2        0       0
                config                             8007     8007        2    1000E       0
dist/default/production\microchip_homework.X.production.o
                cinit                                61       61        C        8       0
                intentry                              4        4       5B        8       0
                text12                              2F4      2F4       2C        8       0
                text11                              2B9      2B9       3B        8       0
                text10                              22D      22D       4B        8       0
                text9                               389      389        B      6DE       0
                text8                               320      320       27        8       0
                text7                               347      347       18        8       0
                text6                               37C      37C        D      6DE       0
                text5                                6D       6D      14E        8       0
                text4                               278      278       41        8       0
                text2                               36F      36F        D      6DE       0
                text1                               1BB      1BB       72        8       0
                maintext                            39A      39A        4      6DE       0
                cstackBANK0                          48       48       14       20       1
                cstackCOMMON                         70       70        D       70       1
                cstackBANK1                          A0       A0        3       A0       1
                clrtext                             394      394        6      6DE       0
                bssBANK0                             20       20       28       20       1
                bssCOMMON                            7D       7D        1       70       1
                stringtext1                         35F      35F       10      6BE       0

TOTAL           Name                               Link     Load   Length     Space
        CLASS   STACK          

        CLASS   CODE           
                end_init                             5F       5F        2         0
                cinit                                61       61        C         0
                intentry                              4        4       5B         0
                reset_vec                             0        0        2         0
                text12                              2F4      2F4       2C         0
                text11                              2B9      2B9       3B         0
                text10                              22D      22D       4B         0
                text9                               389      389        B         0
                text8                               320      320       27         0
                text7                               347      347       18         0
                text6                               37C      37C        D         0
                text5                                6D       6D      14E         0
                text4                               278      278       41         0
                text2                               36F      36F        D         0
                text1                               1BB      1BB       72         0
                maintext                            39A      39A        4         0
                clrtext                             394      394        6         0

        CLASS   STRCODE        
                stringtext1                         35F      35F       10         0

        CLASS   STRING         

        CLASS   CONST          

        CLASS   ENTRY          

        CLASS   COMMON         
                cstackCOMMON                         70       70        D         1
                bssCOMMON                            7D       7D        1         1

        CLASS   BANK0          
                cstackBANK0                          48       48       14         1
                bssBANK0                             20       20       28         1

        CLASS   BANK1          
                cstackBANK1                          A0       A0        3         1

        CLASS   BANK2          

        CLASS   BANK3          

        CLASS   BANK4          

        CLASS   BANK5          

        CLASS   BANK6          

        CLASS   BANK7          

        CLASS   BANK8          

        CLASS   BANK9          

        CLASS   BANK10         

        CLASS   BANK11         

        CLASS   BANK12         

        CLASS   BIGRAM         

        CLASS   RAM            

        CLASS   ABS1           
                abs_s1                               7E       7E        2         1

        CLASS   SFR0           

        CLASS   SFR1           

        CLASS   SFR2           

        CLASS   SFR3           

        CLASS   SFR4           

        CLASS   SFR5           

        CLASS   SFR6           

        CLASS   SFR7           

        CLASS   SFR8           

        CLASS   SFR9           

        CLASS   SFR10          

        CLASS   SFR11          

        CLASS   SFR12          

        CLASS   SFR13          

        CLASS   SFR14          

        CLASS   SFR15          

        CLASS   SFR16          

        CLASS   SFR17          

        CLASS   SFR18          

        CLASS   SFR19          

        CLASS   SFR20          

        CLASS   SFR21          

        CLASS   SFR22          

        CLASS   SFR23          

        CLASS   SFR24          

        CLASS   SFR25          

        CLASS   SFR26          

        CLASS   SFR27          

        CLASS   SFR28          

        CLASS   SFR29          

        CLASS   SFR30          

        CLASS   SFR31          

        CLASS   CONFIG         
                config                             8007     8007        2         0

        CLASS   IDLOC          

        CLASS   EEDATA         

        CLASS   BANK31         

        CLASS   BANK30         

        CLASS   BANK29         

        CLASS   BANK28         

        CLASS   BANK27         

        CLASS   BANK26         

        CLASS   BANK25         

        CLASS   BANK24         

        CLASS   BANK23         

        CLASS   BANK22         

        CLASS   BANK21         

        CLASS   BANK20         

        CLASS   BANK19         

        CLASS   BANK18         

        CLASS   BANK17         

        CLASS   BANK16         

        CLASS   BANK15         

        CLASS   BANK14         

        CLASS   BANK13         



SEGMENTS        Name                           Load    Length   Top    Selector   Space  Class     Delta

                reset_vec                      000000  000002  000002         0       0  CODE        2
                intentry                       000004  00035B  00035F         8       0  CODE        2
                bssBANK0                       000020  00003C  00005C        20       1  BANK0       1
                cstackCOMMON                   000070  00000E  00007E        70       1  COMMON      1
                cstackBANK1                    0000A0  000003  0000A3        A0       1  BANK1       1
                stringtext1                    00035F  000010  00036F       6BE       0  STRCODE     2
                text2                          00036F  00002F  00039E       6DE       0  CODE        2
                config                         008007  000002  008009     1000E       0  CONFIG      2


UNUSED ADDRESS RANGES

        Name                Unused          Largest block    Delta
        BANK0            0005C-0006F              14           1
        BANK1            000A3-000EF              4D           1
        BANK10           00520-0056F              50           1
        BANK11           005A0-005EF              50           1
        BANK12           00620-0064F              30           1
        BANK2            00120-0016F              50           1
        BANK3            001A0-001EF              50           1
        BANK4            00220-0026F              50           1
        BANK5            002A0-002EF              50           1
        BANK6            00320-0036F              50           1
        BANK7            003A0-003EF              50           1
        BANK8            00420-0046F              50           1
        BANK9            004A0-004EF              50           1
        BIGRAM           02000-023EF             3F0           1
        CODE             00002-00003               2           2
                         0039E-01FFF             800
        CONST            00002-00003               2           2
                         0039E-01FFF             100
        EEDATA           0F000-0F0FF             100           2
        ENTRY            00002-00003               2           2
                         0039E-01FFF             100
        IDLOC            08000-08003               4           2
        RAM              0005C-0006F              14           1
                         000A3-000EF              4D
                         00120-0016F              50
                         001A0-001EF              50
                         00220-0026F              50
                         002A0-002EF              50
                         00320-0036F              50
                         003A0-003EF              50
                         00420-0046F              50
                         004A0-004EF              50
                         00520-0056F              50
                         005A0-005EF              50
                         00620-0064F              30
        SFR0             00000-0001F              20           1
        SFR1             00080-0009F              20           1
        SFR10            00500-0051F              20           1
        SFR11            00580-0059F              20           1
        SFR12            00600-0061F              20           1
        SFR13            00680-006EF              70           1
        SFR14            00700-0076F              70           1
        SFR15            00780-007EF              70           1
        SFR16            00800-0086F              70           1
        SFR17            00880-008EF              70           1
        SFR18            00900-0096F              70           1
        SFR19            00980-009EF              70           1
        SFR2             00100-0011F              20           1
        SFR20            00A00-00A6F              70           1
        SFR21            00A80-00AEF              70           1
        SFR22            00B00-00B6F              70           1
        SFR23            00B80-00BEF              70           1
        SFR24            00C00-00C6F              70           1
        SFR25            00C80-00CEF              70           1
        SFR26            00D00-00D6F              70           1
        SFR27            00D80-00DEF              70           1
        SFR28            00E00-00E6F              70           1
        SFR29            00E80-00EEF              70           1
        SFR3             00180-0019F              20           1
        SFR30            00F00-00F6F              70           1
        SFR31            00F80-00FEF              70           1
        SFR4             00200-0021F              20           1
        SFR5             00280-0029F              20           1
        SFR6             00300-0031F              20           1
        SFR7             00380-0039F              20           1
        SFR8             00400-0041F              20           1
        SFR9             00480-0049F              20           1
        STACK            02053-023EF             39D           1
        STRCODE          00002-00003               2           2
                         0039E-01FFF            1C62
        STRING           00002-00003               2           2
                         0039E-01FFF             100

                                  Symbol Table

?___lwmod                     cstackCOMMON 00070
ISR@history_key               bssBANK0     00046
ISR@key_time_cnt              bssBANK0     00043
_GIE                          (abs)        0005F
_IIC_Init                     text2        0036F
_INTCONbits                   (abs)        0000B
_IOCAN                        (abs)        00392
_IOCAP                        (abs)        00391
_IOCBN                        (abs)        00395
_IOCBP                        (abs)        00394
_IOCCFbits                    (abs)        00399
_IOCCN                        (abs)        00398
_IOCCP                        (abs)        00397
_IOCCPbits                    (abs)        00397
_ISR                          intentry     00004
_LATA                         (abs)        0010C
_LATAbits                     (abs)        0010C
_LATB                         (abs)        0010D
_LATBbits                     (abs)        0010D
_LATC                         (abs)        0010E
_LATC3                        (abs)        00873
_LATC4                        (abs)        00874
_ODCONC3                      (abs)        01473
_ODCONC4                      (abs)        01474
_OPTION_REGbits               (abs)        00095
_OSCCONbits                   (abs)        00099
_PORTAbits                    (abs)        0000C
_PORTCbits                    (abs)        0000E
_RC4                          (abs)        00074
_TMR0                         (abs)        00015
_TRISA                        (abs)        0008C
_TRISB                        (abs)        0008D
_TRISC                        (abs)        0008E
_TRISC3                       (abs)        00473
_TRISC4                       (abs)        00474
_TRISCbits                    (abs)        0008E
_Temp                         bssBANK0     00041
_WPUA                         (abs)        0020C
_WPUB                         (abs)        0020D
_WPUC                         (abs)        0020E
_WPUC3                        (abs)        01073
_WPUC4                        (abs)        01074
_WPUCbits                     (abs)        0020E
__CFG_BOREN$ON                (abs)        00000
__CFG_BORV$LO                 (abs)        00000
__CFG_CLKOUTEN$OFF            (abs)        00000
__CFG_CP$OFF                  (abs)        00000
__CFG_CPD$OFF                 (abs)        00000
__CFG_FCMEN$ON                (abs)        00000
__CFG_FOSC$HS                 (abs)        00000
__CFG_IESO$ON                 (abs)        00000
__CFG_LPBOR$OFF               (abs)        00000
__CFG_LVP$ON                  (abs)        00000
__CFG_MCLRE$ON                (abs)        00000
__CFG_PLLEN$ON                (abs)        00000
__CFG_PWRTE$OFF               (abs)        00000
__CFG_STVREN$ON               (abs)        00000
__CFG_VCAPEN$OFF              (abs)        00000
__CFG_WDTE$OFF                (abs)        00000
__CFG_WRT$OFF                 (abs)        00000
__Habs1                       abs1         00000
__Hbank0                      bank0        00000
__Hbank1                      bank1        00000
__Hbank10                     bank10       00000
__Hbank11                     bank11       00000
__Hbank12                     bank12       00000
__Hbank13                     bank13       00000
__Hbank14                     bank14       00000
__Hbank15                     bank15       00000
__Hbank16                     bank16       00000
__Hbank17                     bank17       00000
__Hbank18                     bank18       00000
__Hbank19                     bank19       00000
__Hbank2                      bank2        00000
__Hbank20                     bank20       00000
__Hbank21                     bank21       00000
__Hbank22                     bank22       00000
__Hbank23                     bank23       00000
__Hbank24                     bank24       00000
__Hbank25                     bank25       00000
__Hbank26                     bank26       00000
__Hbank27                     bank27       00000
__Hbank28                     bank28       00000
__Hbank29                     bank29       00000
__Hbank3                      bank3        00000
__Hbank30                     bank30       00000
__Hbank31                     bank31       00000
__Hbank4                      bank4        00000
__Hbank5                      bank5        00000
__Hbank6                      bank6        00000
__Hbank7                      bank7        00000
__Hbank8                      bank8        00000
__Hbank9                      bank9        00000
__Hbigram                     bigram       00000
__HbssBANK0                   bssBANK0     00000
__HbssCOMMON                  bssCOMMON    00000
__Hcinit                      cinit        0006D
__Hclrtext                    clrtext      00000
__Hcode                       code         00000
__Hcommon                     common       00000
__Hconfig                     config       08009
__HcstackBANK0                cstackBANK0  00000
__HcstackBANK1                cstackBANK1  00000
__HcstackCOMMON               cstackCOMMON 00000
__Heeprom_data                eeprom_data  00000
__Hend_init                   end_init     00061
__Hfunctab                    functab      00000
__Hidloc                      idloc        00000
__Hinit                       init         0005F
__Hintentry                   intentry     0005F
__Hmaintext                   maintext     00000
__Hpowerup                    powerup      00000
__Hram                        ram          00000
__Hreset_vec                  reset_vec    00002
__Hsfr0                       sfr0         00000
__Hsfr1                       sfr1         00000
__Hsfr10                      sfr10        00000
__Hsfr11                      sfr11        00000
__Hsfr12                      sfr12        00000
__Hsfr13                      sfr13        00000
__Hsfr14                      sfr14        00000
__Hsfr15                      sfr15        00000
__Hsfr16                      sfr16        00000
__Hsfr17                      sfr17        00000
__Hsfr18                      sfr18        00000
__Hsfr19                      sfr19        00000
__Hsfr2                       sfr2         00000
__Hsfr20                      sfr20        00000
__Hsfr21                      sfr21        00000
__Hsfr22                      sfr22        00000
__Hsfr23                      sfr23        00000
__Hsfr24                      sfr24        00000
__Hsfr25                      sfr25        00000
__Hsfr26                      sfr26        00000
__Hsfr27                      sfr27        00000
__Hsfr28                      sfr28        00000
__Hsfr29                      sfr29        00000
__Hsfr3                       sfr3         00000
__Hsfr30                      sfr30        00000
__Hsfr31                      sfr31        00000
__Hsfr4                       sfr4         00000
__Hsfr5                       sfr5         00000
__Hsfr6                       sfr6         00000
__Hsfr7                       sfr7         00000
__Hsfr8                       sfr8         00000
__Hsfr9                       sfr9         00000
__Hspace_0                    (abs)        08009
__Hspace_1                    (abs)        000A3
__Hspace_2                    (abs)        00000
__Hspace_3                    (abs)        00000
__Hstack                      stack        00000
__Hstrings                    strings      00000
__Hstringtext1                stringtext1  00000
__Htext                       text         00000
__Labs1                       abs1         00000
__Lbank0                      bank0        00000
__Lbank1                      bank1        00000
__Lbank10                     bank10       00000
__Lbank11                     bank11       00000
__Lbank12                     bank12       00000
__Lbank13                     bank13       00000
__Lbank14                     bank14       00000
__Lbank15                     bank15       00000
__Lbank16                     bank16       00000
__Lbank17                     bank17       00000
__Lbank18                     bank18       00000
__Lbank19                     bank19       00000
__Lbank2                      bank2        00000
__Lbank20                     bank20       00000
__Lbank21                     bank21       00000
__Lbank22                     bank22       00000
__Lbank23                     bank23       00000
__Lbank24                     bank24       00000
__Lbank25                     bank25       00000
__Lbank26                     bank26       00000
__Lbank27                     bank27       00000
__Lbank28                     bank28       00000
__Lbank29                     bank29       00000
__Lbank3                      bank3        00000
__Lbank30                     bank30       00000
__Lbank31                     bank31       00000
__Lbank4                      bank4        00000
__Lbank5                      bank5        00000
__Lbank6                      bank6        00000
__Lbank7                      bank7        00000
__Lbank8                      bank8        00000
__Lbank9                      bank9        00000
__Lbigram                     bigram       00000
__LbssBANK0                   bssBANK0     00000
__LbssCOMMON                  bssCOMMON    00000
__Lcinit                      cinit        00061
__Lclrtext                    clrtext      00000
__Lcode                       code         00000
__Lcommon                     common       00000
__Lconfig                     config       08007
__LcstackBANK0                cstackBANK0  00000
__LcstackBANK1                cstackBANK1  00000
__LcstackCOMMON               cstackCOMMON 00000
__Leeprom_data                eeprom_data  00000
__Lend_init                   end_init     0005F
__Lfunctab                    functab      00000
__Lidloc                      idloc        00000
__Linit                       init         0005F
__Lintentry                   intentry     00004
__Lmaintext                   maintext     00000
__Lpowerup                    powerup      00000
__Lram                        ram          00000
__Lreset_vec                  reset_vec    00000
__Lsfr0                       sfr0         00000
__Lsfr1                       sfr1         00000
__Lsfr10                      sfr10        00000
__Lsfr11                      sfr11        00000
__Lsfr12                      sfr12        00000
__Lsfr13                      sfr13        00000
__Lsfr14                      sfr14        00000
__Lsfr15                      sfr15        00000
__Lsfr16                      sfr16        00000
__Lsfr17                      sfr17        00000
__Lsfr18                      sfr18        00000
__Lsfr19                      sfr19        00000
__Lsfr2                       sfr2         00000
__Lsfr20                      sfr20        00000
__Lsfr21                      sfr21        00000
__Lsfr22                      sfr22        00000
__Lsfr23                      sfr23        00000
__Lsfr24                      sfr24        00000
__Lsfr25                      sfr25        00000
__Lsfr26                      sfr26        00000
__Lsfr27                      sfr27        00000
__Lsfr28                      sfr28        00000
__Lsfr29                      sfr29        00000
__Lsfr3                       sfr3         00000
__Lsfr30                      sfr30        00000
__Lsfr31                      sfr31        00000
__Lsfr4                       sfr4         00000
__Lsfr5                       sfr5         00000
__Lsfr6                       sfr6         00000
__Lsfr7                       sfr7         00000
__Lsfr8                       sfr8         00000
__Lsfr9                       sfr9         00000
__Lspace_0                    (abs)        00000
__Lspace_1                    (abs)        00000
__Lspace_2                    (abs)        00000
__Lspace_3                    (abs)        00000
__Lstack                      stack        00000
__Lstrings                    strings      00000
__Lstringtext1                stringtext1  00000
__Ltext                       text         00000
__S0                          (abs)        08009
__S1                          (abs)        000A3
__S2                          (abs)        00000
__S3                          (abs)        00000
___int_sp                     stack        00000
___latbits                    (abs)        00002
___lwmod                      text12       002F4
___lwmod@counter              cstackCOMMON 00075
___lwmod@dividend             cstackCOMMON 00072
___lwmod@divisor              cstackCOMMON 00070
___sp                         stack        00000
___stackhi                    (abs)        023EF
___stacklo                    (abs)        02053
__end_of_IIC_Init             text2        0037C
__end_of_ISR                  intentry     0005F
__end_of___lwmod              text12       00320
__end_of__initialization      cinit        00069
__end_of_control595_delay     text9        00394
__end_of_init_env             text1        0022D
__end_of_main                 maintext     0039E
__end_of_receive_decode       text5        001BB
__end_of_segmcode             stringtext1  0036F
__end_of_test_get_number      text11       002F4
__end_of_times2number         text10       00278
__end_of_update_display       text6        00389
__end_of_update_time          text4        002B9
__end_of_write_byte           text8        00347
__end_of_write_once           text7        0035F
__initialization              cinit        00061
__pbssBANK0                   bssBANK0     00020
__pbssCOMMON                  bssCOMMON    0007D
__pcstackBANK0                cstackBANK0  00048
__pcstackBANK1                cstackBANK1  000A0
__pcstackCOMMON               cstackCOMMON 00070
__pintentry                   intentry     00004
__pmaintext                   maintext     0039A
__pstringtext1                stringtext1  0035F
__ptext1                      text1        001BB
__ptext10                     text10       0022D
__ptext11                     text11       002B9
__ptext12                     text12       002F4
__ptext2                      text2        0036F
__ptext4                      text4        00278
__ptext5                      text5        0006D
__ptext6                      text6        0037C
__ptext7                      text7        00347
__ptext8                      text8        00320
__ptext9                      text9        00389
__size_of_IIC_Init            (abs)        00000
__size_of_ISR                 (abs)        00000
__size_of___lwmod             (abs)        00000
__size_of_control595_delay    (abs)        00000
__size_of_init_env            (abs)        00000
__size_of_main                (abs)        00000
__size_of_receive_decode      (abs)        00000
__size_of_test_get_number     (abs)        00000
__size_of_times2number        (abs)        00000
__size_of_update_display      (abs)        00000
__size_of_update_time         (abs)        00000
__size_of_write_byte          (abs)        00000
__size_of_write_once          (abs)        00000
_control595_delay             text9        00389
_g_data                       bssBANK0     00020
_init_env                     text1        001BB
_main                         maintext     0039A
_receive_decode               text5        0006D
_receive_decode$591           cstackBANK0  00051
_receive_decode$592           cstackBANK0  00053
_temp_h                       bssCOMMON    0007D
_temp_l                       bssBANK0     00045
_test_get_number              text11       002B9
_times2number                 text10       0022D
_update_display               text6        0037C
_update_time                  text4        00278
_write_byte                   text8        00320
_write_once                   text7        00347
btemp                         (abs)        0007E
clear_ram0                    clrtext      00394
control595_delay@times        cstackCOMMON 00071
end_of_initialization         cinit        00069
init_env@i                    cstackBANK1  000A1
int$flags                     (abs)        0007E
intlevel0                     functab      00000
intlevel1                     functab      00000
intlevel2                     functab      00000
intlevel3                     functab      00000
intlevel4                     functab      00000
intlevel5                     functab      00000
receive_decode@check          cstackBANK0  00059
receive_decode@i              cstackBANK0  00057
receive_decode@i_593          cstackBANK0  00055
receive_decode@last_time_h    cstackBANK0  0004D
receive_decode@last_time_m    cstackBANK0  0004F
receive_decode@read_value     cstackBANK0  00058
reset_vec                     reset_vec    00000
start                         init         0005F
start_initialization          cinit        00061
test_get_number@get_num       cstackCOMMON 00070
times2number@high_level_times cstackCOMMON 00070
write_byte@data               cstackCOMMON 00074
write_byte@i                  cstackCOMMON 00075
write_once@HL                 cstackCOMMON 00079
write_once@HR                 cstackCOMMON 00076
write_once@ML                 cstackCOMMON 00077
write_once@MR                 cstackCOMMON 00078
wtemp0                        (abs)        0007E


FUNCTION INFORMATION:

 *************** function _main *****************
 Defined at:
		line 193 in file "main.c"
 Parameters:    Size  Location     Type
		None
 Auto vars:     Size  Location     Type
		None
 Return value:  Size  Location     Type
                  1    wreg      void 
 Registers used:
		wreg, fsr1l, fsr1h, status,2, status,0, pclath, cstack
 Tracked objects:
		On entry : 
		On exit  : 
		Unchanged: 
 Data sizes:     COMMON   BANK0   BANK1   BANK2   BANK3   BANK4   BANK5   BANK6   BANK7   BANK8   BANK9  BANK10  BANK11  BANK12
      Params:         0       0       0       0       0       0       0       0       0       0       0       0       0       0
      Locals:         0       0       0       0       0       0       0       0       0       0       0       0       0       0
      Temps:          0       0       0       0       0       0       0       0       0       0       0       0       0       0
      Totals:         0       0       0       0       0       0       0       0       0       0       0       0       0       0
Total ram usage:        0 bytes
 Hardware stack levels required when called:    8
 This function calls:
		_init_env
 This function is called by:
		Startup code after reset
 This function uses a non-reentrant model


 *************** function _init_env *****************
 Defined at:
		line 38 in file "main.c"
 Parameters:    Size  Location     Type
		None
 Auto vars:     Size  Location     Type
  i               2    1[BANK1 ] int 
 Return value:  Size  Location     Type
                  1    wreg      void 
 Registers used:
		wreg, fsr1l, fsr1h, status,2, status,0, pclath, cstack
 Tracked objects:
		On entry : 
		On exit  : 
		Unchanged: 
 Data sizes:     COMMON   BANK0   BANK1   BANK2   BANK3   BANK4   BANK5   BANK6   BANK7   BANK8   BANK9  BANK10  BANK11  BANK12
      Params:         0       0       0       0       0       0       0       0       0       0       0       0       0       0
      Locals:         0       0       2       0       0       0       0       0       0       0       0       0       0       0
      Temps:          0       0       1       0       0       0       0       0       0       0       0       0       0       0
      Totals:         0       0       3       0       0       0       0       0       0       0       0       0       0       0
Total ram usage:        3 bytes
 Hardware stack levels used:    1
 Hardware stack levels required when called:    7
 This function calls:
		_IIC_Init
 This function is called by:
		_main
 This function uses a non-reentrant model


 *************** function _IIC_Init *****************
 Defined at:
		line 8 in file "myiic.c"
 Parameters:    Size  Location     Type
		None
 Auto vars:     Size  Location     Type
		None
 Return value:  Size  Location     Type
                  1    wreg      void 
 Registers used:
		None
 Tracked objects:
		On entry : 
		On exit  : 
		Unchanged: 
 Data sizes:     COMMON   BANK0   BANK1   BANK2   BANK3   BANK4   BANK5   BANK6   BANK7   BANK8   BANK9  BANK10  BANK11  BANK12
      Params:         0       0       0       0       0       0       0       0       0       0       0       0       0       0
      Locals:         0       0       0       0       0       0       0       0       0       0       0       0       0       0
      Temps:          0       0       0       0       0       0       0       0       0       0       0       0       0       0
      Totals:         0       0       0       0       0       0       0       0       0       0       0       0       0       0
Total ram usage:        0 bytes
 Hardware stack levels used:    1
 Hardware stack levels required when called:    6
 This function calls:
		Nothing
 This function is called by:
		_init_env
 This function uses a non-reentrant model


 *************** function _ISR *****************
 Defined at:
		line 145 in file "main.c"
 Parameters:    Size  Location     Type
		None
 Auto vars:     Size  Location     Type
		None
 Return value:  Size  Location     Type
                  1    wreg      void 
 Registers used:
		wreg, fsr1l, fsr1h, status,2, status,0, pclath, cstack
 Tracked objects:
		On entry : 
		On exit  : 
		Unchanged: 
 Data sizes:     COMMON   BANK0   BANK1   BANK2   BANK3   BANK4   BANK5   BANK6   BANK7   BANK8   BANK9  BANK10  BANK11  BANK12
      Params:         0       0       0       0       0       0       0       0       0       0       0       0       0       0
      Locals:         0       0       0       0       0       0       0       0       0       0       0       0       0       0
      Temps:          0       2       0       0       0       0       0       0       0       0       0       0       0       0
      Totals:         0       2       0       0       0       0       0       0       0       0       0       0       0       0
Total ram usage:        2 bytes
 Hardware stack levels used:    1
 Hardware stack levels required when called:    5
 This function calls:
		___lwmod
		_receive_decode
		_update_time
 This function is called by:
		Interrupt level 1
 This function uses a non-reentrant model


 *************** function _update_time *****************
 Defined at:
		line 14 in file "update_time.c"
 Parameters:    Size  Location     Type
		None
 Auto vars:     Size  Location     Type
		None
 Return value:  Size  Location     Type
                  1    wreg      void 
 Registers used:
		wreg, status,2, status,0, pclath, cstack
 Tracked objects:
		On entry : 
		On exit  : 
		Unchanged: 
 Data sizes:     COMMON   BANK0   BANK1   BANK2   BANK3   BANK4   BANK5   BANK6   BANK7   BANK8   BANK9  BANK10  BANK11  BANK12
      Params:         0       0       0       0       0       0       0       0       0       0       0       0       0       0
      Locals:         0       0       0       0       0       0       0       0       0       0       0       0       0       0
      Temps:          1       0       0       0       0       0       0       0       0       0       0       0       0       0
      Totals:         1       0       0       0       0       0       0       0       0       0       0       0       0       0
Total ram usage:        1 bytes
 Hardware stack levels used:    1
 Hardware stack levels required when called:    4
 This function calls:
		_update_display
 This function is called by:
		_ISR
 This function uses a non-reentrant model


 *************** function _receive_decode *****************
 Defined at:
		line 71 in file "receive_decode.c"
 Parameters:    Size  Location     Type
		None
 Auto vars:     Size  Location     Type
  i               2   13[BANK0 ] int 
  i               1   15[BANK0 ] unsigned char 
  last_time_m     2    7[BANK0 ] unsigned short 
  last_time_h     2    5[BANK0 ] unsigned short 
  check           1   17[BANK0 ] unsigned char 
  read_value      1   16[BANK0 ] unsigned char 
 Return value:  Size  Location     Type
                  1    wreg      void 
 Registers used:
		wreg, fsr1l, fsr1h, status,2, status,0, pclath, cstack
 Tracked objects:
		On entry : 
		On exit  : 
		Unchanged: 
 Data sizes:     COMMON   BANK0   BANK1   BANK2   BANK3   BANK4   BANK5   BANK6   BANK7   BANK8   BANK9  BANK10  BANK11  BANK12
      Params:         0       0       0       0       0       0       0       0       0       0       0       0       0       0
      Locals:         0      13       0       0       0       0       0       0       0       0       0       0       0       0
      Temps:          0       5       0       0       0       0       0       0       0       0       0       0       0       0
      Totals:         0      18       0       0       0       0       0       0       0       0       0       0       0       0
Total ram usage:       18 bytes
 Hardware stack levels used:    1
 Hardware stack levels required when called:    4
 This function calls:
		_test_get_number
		_times2number
		_update_display
 This function is called by:
		_ISR
 This function uses a non-reentrant model


 *************** function _update_display *****************
 Defined at:
		line 62 in file "update_display.c"
 Parameters:    Size  Location     Type
		None
 Auto vars:     Size  Location     Type
		None
 Return value:  Size  Location     Type
                  1    wreg      void 
 Registers used:
		wreg, status,2, status,0, pclath, cstack
 Tracked objects:
		On entry : 
		On exit  : 
		Unchanged: 
 Data sizes:     COMMON   BANK0   BANK1   BANK2   BANK3   BANK4   BANK5   BANK6   BANK7   BANK8   BANK9  BANK10  BANK11  BANK12
      Params:         0       0       0       0       0       0       0       0       0       0       0       0       0       0
      Locals:         0       0       0       0       0       0       0       0       0       0       0       0       0       0
      Temps:          2       0       0       0       0       0       0       0       0       0       0       0       0       0
      Totals:         2       0       0       0       0       0       0       0       0       0       0       0       0       0
Total ram usage:        2 bytes
 Hardware stack levels used:    1
 Hardware stack levels required when called:    3
 This function calls:
		_write_once
 This function is called by:
		_receive_decode
		_update_time
 This function uses a non-reentrant model


 *************** function _write_once *****************
 Defined at:
		line 50 in file "update_display.c"
 Parameters:    Size  Location     Type
  HL              1    wreg     unsigned char 
  HR              1    6[COMMON] unsigned char 
  ML              1    7[COMMON] unsigned char 
  MR              1    8[COMMON] unsigned char 
 Auto vars:     Size  Location     Type
  HL              1    9[COMMON] unsigned char 
 Return value:  Size  Location     Type
                  1    wreg      void 
 Registers used:
		wreg, status,2, status,0, pclath, cstack
 Tracked objects:
		On entry : 
		On exit  : 
		Unchanged: 
 Data sizes:     COMMON   BANK0   BANK1   BANK2   BANK3   BANK4   BANK5   BANK6   BANK7   BANK8   BANK9  BANK10  BANK11  BANK12
      Params:         3       0       0       0       0       0       0       0       0       0       0       0       0       0
      Locals:         1       0       0       0       0       0       0       0       0       0       0       0       0       0
      Temps:          0       0       0       0       0       0       0       0       0       0       0       0       0       0
      Totals:         4       0       0       0       0       0       0       0       0       0       0       0       0       0
Total ram usage:        4 bytes
 Hardware stack levels used:    1
 Hardware stack levels required when called:    2
 This function calls:
		_control595_delay
		_write_byte
 This function is called by:
		_update_display
 This function uses a non-reentrant model


 *************** function _write_byte *****************
 Defined at:
		line 38 in file "update_display.c"
 Parameters:    Size  Location     Type
  data            1    wreg     unsigned char 
 Auto vars:     Size  Location     Type
  data            1    4[COMMON] unsigned char 
  i               1    5[COMMON] unsigned char 
 Return value:  Size  Location     Type
                  1    wreg      void 
 Registers used:
		wreg, status,2, status,0, pclath, cstack
 Tracked objects:
		On entry : 
		On exit  : 
		Unchanged: 
 Data sizes:     COMMON   BANK0   BANK1   BANK2   BANK3   BANK4   BANK5   BANK6   BANK7   BANK8   BANK9  BANK10  BANK11  BANK12
      Params:         0       0       0       0       0       0       0       0       0       0       0       0       0       0
      Locals:         2       0       0       0       0       0       0       0       0       0       0       0       0       0
      Temps:          2       0       0       0       0       0       0       0       0       0       0       0       0       0
      Totals:         4       0       0       0       0       0       0       0       0       0       0       0       0       0
Total ram usage:        4 bytes
 Hardware stack levels used:    1
 Hardware stack levels required when called:    1
 This function calls:
		_control595_delay
 This function is called by:
		_write_once
 This function uses a non-reentrant model


 *************** function _control595_delay *****************
 Defined at:
		line 21 in file "update_display.c"
 Parameters:    Size  Location     Type
		None
 Auto vars:     Size  Location     Type
  times           1    1[COMMON] unsigned char 
 Return value:  Size  Location     Type
                  1    wreg      void 
 Registers used:
		wreg, status,2, status,0
 Tracked objects:
		On entry : 
		On exit  : 
		Unchanged: 
 Data sizes:     COMMON   BANK0   BANK1   BANK2   BANK3   BANK4   BANK5   BANK6   BANK7   BANK8   BANK9  BANK10  BANK11  BANK12
      Params:         0       0       0       0       0       0       0       0       0       0       0       0       0       0
      Locals:         1       0       0       0       0       0       0       0       0       0       0       0       0       0
      Temps:          1       0       0       0       0       0       0       0       0       0       0       0       0       0
      Totals:         2       0       0       0       0       0       0       0       0       0       0       0       0       0
Total ram usage:        2 bytes
 Hardware stack levels used:    1
 This function calls:
		Nothing
 This function is called by:
		_write_byte
		_write_once
 This function uses a non-reentrant model


 *************** function _times2number *****************
 Defined at:
		line 14 in file "receive_decode.c"
 Parameters:    Size  Location     Type
  high_level_t    2    0[COMMON] unsigned short 
 Auto vars:     Size  Location     Type
		None
 Return value:  Size  Location     Type
                  1    wreg      unsigned char 
 Registers used:
		wreg
 Tracked objects:
		On entry : 
		On exit  : 
		Unchanged: 
 Data sizes:     COMMON   BANK0   BANK1   BANK2   BANK3   BANK4   BANK5   BANK6   BANK7   BANK8   BANK9  BANK10  BANK11  BANK12
      Params:         2       0       0       0       0       0       0       0       0       0       0       0       0       0
      Locals:         0       0       0       0       0       0       0       0       0       0       0       0       0       0
      Temps:          0       0       0       0       0       0       0       0       0       0       0       0       0       0
      Totals:         2       0       0       0       0       0       0       0       0       0       0       0       0       0
Total ram usage:        2 bytes
 Hardware stack levels used:    1
 This function calls:
		Nothing
 This function is called by:
		_receive_decode
 This function uses a non-reentrant model


 *************** function _test_get_number *****************
 Defined at:
		line 37 in file "receive_decode.c"
 Parameters:    Size  Location     Type
  get_num         1    wreg     unsigned char 
 Auto vars:     Size  Location     Type
  get_num         1    0[COMMON] unsigned char 
 Return value:  Size  Location     Type
                  1    wreg      void 
 Registers used:
		wreg, status,2, status,0
 Tracked objects:
		On entry : 
		On exit  : 
		Unchanged: 
 Data sizes:     COMMON   BANK0   BANK1   BANK2   BANK3   BANK4   BANK5   BANK6   BANK7   BANK8   BANK9  BANK10  BANK11  BANK12
      Params:         0       0       0       0       0       0       0       0       0       0       0       0       0       0
      Locals:         1       0       0       0       0       0       0       0       0       0       0       0       0       0
      Temps:          0       0       0       0       0       0       0       0       0       0       0       0       0       0
      Totals:         1       0       0       0       0       0       0       0       0       0       0       0       0       0
Total ram usage:        1 bytes
 Hardware stack levels used:    1
 This function calls:
		Nothing
 This function is called by:
		_receive_decode
 This function uses a non-reentrant model


 *************** function ___lwmod *****************
 Defined at:
		line 5 in file "E:\Program Files (x86)\Microchip\xc8\v2.05\pic\sources\c99\common\lwmod.c"
 Parameters:    Size  Location     Type
  divisor         2    0[COMMON] unsigned int 
  dividend        2    2[COMMON] unsigned int 
 Auto vars:     Size  Location     Type
  counter         1    5[COMMON] unsigned char 
 Return value:  Size  Location     Type
                  2    0[COMMON] unsigned int 
 Registers used:
		wreg, status,2, status,0
 Tracked objects:
		On entry : 
		On exit  : 
		Unchanged: 
 Data sizes:     COMMON   BANK0   BANK1   BANK2   BANK3   BANK4   BANK5   BANK6   BANK7   BANK8   BANK9  BANK10  BANK11  BANK12
      Params:         4       0       0       0       0       0       0       0       0       0       0       0       0       0
      Locals:         1       0       0       0       0       0       0       0       0       0       0       0       0       0
      Temps:          1       0       0       0       0       0       0       0       0       0       0       0       0       0
      Totals:         6       0       0       0       0       0       0       0       0       0       0       0       0       0
Total ram usage:        6 bytes
 Hardware stack levels used:    1
 This function calls:
		Nothing
 This function is called by:
		_ISR
 This function uses a non-reentrant model



MODULE INFORMATION

Module		Function		Class		Link	Load	Size
myiic.c
		_IIC_Init      		CODE           	036F	0000	14

myiic.c estimated size: 14

update_display.c
		_control595_delay		CODE           	0389	0000	12
		_write_once    		CODE           	0347	0000	25
		_update_display		CODE           	037C	0000	14
		_write_byte    		CODE           	0320	0000	40

update_display.c estimated size: 91

receive_decode.c
		_test_get_number		CODE           	02B9	0000	60
		_times2number  		CODE           	022D	0000	76
		_receive_decode		CODE           	006D	0000	335

receive_decode.c estimated size: 471

update_time.c
		_update_time   		CODE           	0278	0000	66

update_time.c estimated size: 66

E:\Program Files (x86)\Microchip\xc8\v2.05\pic\sources\c99\common\lwmod.c
		___lwmod       		CODE           	02F4	0000	45

E:\Program Files (x86)\Microchip\xc8\v2.05\pic\sources\c99\common\lwmod.c estimated size: 45

shared
		_segmcode      		STRCODE        	0000	0000	0
		__initialization		CODE           	0061	0000	9

shared estimated size: 9

main.c
		_ISR           		CODE           	0004	0000	92
		_main          		CODE           	039A	0000	5
		_init_env      		CODE           	01BB	0000	115

main.c estimated size: 212

