Microchip MPLAB XC8 Compiler V2.00 ()

Linker command line:

-W-3 --edf=F:\other_software\MPLAB_X_IDE\xc8\v2.00\pic\dat\en_msgs.txt -cs \
  -h+dist/default/debug\micro_new.debug.sym \
  --cmf=dist/default/debug\micro_new.debug.cmf -z -Q16F1786 \
  -oC:\Users\29446\AppData\Local\Temp\sefc.2 --defsym=__MPLAB_BUILD=1 \
  -Mdist/default/debug/micro_new.debug.map -E1 -ver=XC8 --acfsm=1493 \
  -ASTACK=02077h-023efh -pstack=STACK -ACODE=00h-07FFhx4 \
  -ASTRCODE=00h-01FFFh -ASTRING=00h-0FFhx32 -ACONST=00h-0FFhx32 \
  -AENTRY=00h-0FFhx32 -ACOMMON=070h-07Fh -ABANK0=020h-06Fh \
  -ABANK1=0A0h-0EFh -ABANK2=0120h-016Fh -ABANK3=01A0h-01EFh \
  -ABANK4=0220h-026Fh -ABANK5=02A0h-02EFh -ABANK6=0320h-036Fh \
  -ABANK7=03A0h-03EFh -ABANK8=0420h-046Fh -ABANK9=04A0h-04EFh \
  -ABANK10=0520h-056Fh -ABANK11=05A0h-05EFh -ABANK12=0620h-064Fh \
  -ABIGRAM=02000h-023EFh \
  -ARAM=020h-06Fh,0A0h-0EFh,0120h-016Fh,01A0h-01EFh,0220h-026Fh,02A0h-02EFh,0320h-036Fh,03A0h-03EFh,0420h-046Fh,04A0h-04EFh,0520h-056Fh,05A0h-05EFh,0620h-064Fh \
  -AABS1=020h-07Fh,0A0h-0EFh,0120h-016Fh,01A0h-01EFh,0220h-026Fh,02A0h-02EFh,0320h-036Fh,03A0h-03EFh,0420h-046Fh,04A0h-04EFh,0520h-056Fh,05A0h-05EFh,0620h-064Fh \
  -ASFR0=00h-01Fh -ASFR1=080h-09Fh -ASFR2=0100h-011Fh -ASFR3=0180h-019Fh \
  -ASFR4=0200h-021Fh -ASFR5=0280h-029Fh -ASFR6=0300h-031Fh \
  -ASFR7=0380h-039Fh -ASFR8=0400h-041Fh -ASFR9=0480h-049Fh \
  -ASFR10=0500h-051Fh -ASFR11=0580h-059Fh -ASFR12=0600h-061Fh \
  -ASFR13=0680h-06EFh -ASFR14=0700h-076Fh -ASFR15=0780h-07EFh \
  -ASFR16=0800h-086Fh -ASFR17=0880h-08EFh -ASFR18=0900h-096Fh \
  -ASFR19=0980h-09EFh -ASFR20=0A00h-0A6Fh -ASFR21=0A80h-0AEFh \
  -ASFR22=0B00h-0B6Fh -ASFR23=0B80h-0BEFh -ASFR24=0C00h-0C6Fh \
  -ASFR25=0C80h-0CEFh -ASFR26=0D00h-0D6Fh -ASFR27=0D80h-0DEFh \
  -ASFR28=0E00h-0E6Fh -ASFR29=0E80h-0EEFh -ASFR30=0F00h-0F6Fh \
  -ASFR31=0F80h-0FEFh -preset_vec=00h,intentry=04h,init,end_init \
  -ppowerup=CODE -pcinit=CODE -pfunctab=ENTRY -ACONFIG=08007h-08008h \
  -pconfig=CONFIG -DCONFIG=2 -AIDLOC=08000h-08003h -pidloc=IDLOC -DIDLOC=2 \
  -AEEDATA=00h-0FFh/0F000h -peeprom_data=EEDATA -DEEDATA=2 -DCODE=2 \
  -DSTRCODE=2 -DSTRING=2 -DCONST=2 -DENTRY=2 -k \
  C:\Users\29446\AppData\Local\Temp\sefc.o \
  dist/default/debug\micro_new.debug.o 

Object code version is 3.11

Machine type is 16F1786



                Name                               Link     Load   Length Selector   Space Scale
C:\Users\29446\AppData\Local\Temp\sefc.o
                end_init                             2D       2D        2        8       0
                reset_vec                             0        0        2        0       0
                config                             8007     8007        2    1000E       0
dist/default/debug\micro_new.debug.o
                cinit                                2F       2F       13        8       0
                intentry                              4        4       29        8       0
                text32                              37C      37C        1      630       0
                text31                              375      375        3      630       0
                text30                              365      365        4      630       0
                text29                              372      372        3      630       0
                text28                              338      338        A      630       0
                text27                              2D7      2D7       10        8       0
                text26                              37A      37A        2      630       0
                text25                              32E      32E        A      630       0
                text24                               42       42       7B        8       0
                text23                              361      361        4      630       0
                text22                              35D      35D        4      630       0
                text21                              21E      21E       2C        8       0
                text20                              323      323        B      630       0
                text19                              1E1      1E1       3D        8       0
                text18                              36F      36F        3      630       0
                text17                              358      358        5      630       0
                text16                              36C      36C        3      630       0
                text14                              301      301        C        8       0
                text13                              2C4      2C4       13        8       0
                text12                              34A      34A        8      630       0
                text11                              19B      19B       46        8       0
                text10                              2F4      2F4        D        8       0
                text9                               24A      24A       2B        8       0
                text8                               29E      29E       26        8       0
                text7                                BD       BD       72        8       0
                text6                               378      378        2      630       0
                text5                               342      342        8      630       0
                text4                               12F      12F       6C        8       0
                text3                               318      318        B      630       0
                text2                               2E7      2E7        D        8       0
                text1                               369      369        3      630       0
                maintext                            275      275       29        8       0
                cstackBANK0                          38       38       16       20       1
                cstackCOMMON                         70       70        E       70       1
                clrtext                             352      352        6      630       0
                bssBANK1                             A0       A0       27       A0       1
                bssBANK0                             20       20       18       20       1
                stringtext1                         30D      30D        B      61A       0

TOTAL           Name                               Link     Load   Length     Space
        CLASS   STACK          

        CLASS   CODE           
                end_init                             2D       2D        2         0
                cinit                                2F       2F       13         0
                intentry                              4        4       29         0
                reset_vec                             0        0        2         0
                text32                              37C      37C        1         0
                text31                              375      375        3         0
                text30                              365      365        4         0
                text29                              372      372        3         0
                text28                              338      338        A         0
                text27                              2D7      2D7       10         0
                text26                              37A      37A        2         0
                text25                              32E      32E        A         0
                text24                               42       42       7B         0
                text23                              361      361        4         0
                text22                              35D      35D        4         0
                text21                              21E      21E       2C         0
                text20                              323      323        B         0
                text19                              1E1      1E1       3D         0
                text18                              36F      36F        3         0
                text17                              358      358        5         0
                text16                              36C      36C        3         0
                text14                              301      301        C         0
                text13                              2C4      2C4       13         0
                text12                              34A      34A        8         0
                text11                              19B      19B       46         0
                text10                              2F4      2F4        D         0
                text9                               24A      24A       2B         0
                text8                               29E      29E       26         0
                text7                                BD       BD       72         0
                text6                               378      378        2         0
                text5                               342      342        8         0
                text4                               12F      12F       6C         0
                text3                               318      318        B         0
                text2                               2E7      2E7        D         0
                text1                               369      369        3         0
                maintext                            275      275       29         0
                clrtext                             352      352        6         0

        CLASS   STRCODE        
                stringtext1                         30D      30D        B         0

        CLASS   STRING         

        CLASS   CONST          

        CLASS   ENTRY          

        CLASS   COMMON         
                cstackCOMMON                         70       70        E         1

        CLASS   BANK0          
                cstackBANK0                          38       38       16         1
                bssBANK0                             20       20       18         1

        CLASS   BANK1          
                bssBANK1                             A0       A0       27         1

        CLASS   BANK2          

        CLASS   BANK3          

        CLASS   BANK4          

        CLASS   BANK5          

        CLASS   BANK6          

        CLASS   BANK7          

        CLASS   BANK8          

        CLASS   BANK9          

        CLASS   BANK10         

        CLASS   BANK11         

        CLASS   BANK12         

        CLASS   BIGRAM         

        CLASS   RAM            

        CLASS   ABS1           
                abs_s1                               7E       7E        2         1

        CLASS   SFR0           

        CLASS   SFR1           

        CLASS   SFR2           

        CLASS   SFR3           

        CLASS   SFR4           

        CLASS   SFR5           

        CLASS   SFR6           

        CLASS   SFR7           

        CLASS   SFR8           

        CLASS   SFR9           

        CLASS   SFR10          

        CLASS   SFR11          

        CLASS   SFR12          

        CLASS   SFR13          

        CLASS   SFR14          

        CLASS   SFR15          

        CLASS   SFR16          

        CLASS   SFR17          

        CLASS   SFR18          

        CLASS   SFR19          

        CLASS   SFR20          

        CLASS   SFR21          

        CLASS   SFR22          

        CLASS   SFR23          

        CLASS   SFR24          

        CLASS   SFR25          

        CLASS   SFR26          

        CLASS   SFR27          

        CLASS   SFR28          

        CLASS   SFR29          

        CLASS   SFR30          

        CLASS   SFR31          

        CLASS   CONFIG         
                config                             8007     8007        2         0

        CLASS   IDLOC          

        CLASS   EEDATA         

        CLASS   BANK31         

        CLASS   BANK30         

        CLASS   BANK29         

        CLASS   BANK28         

        CLASS   BANK27         

        CLASS   BANK26         

        CLASS   BANK25         

        CLASS   BANK24         

        CLASS   BANK23         

        CLASS   BANK22         

        CLASS   BANK21         

        CLASS   BANK20         

        CLASS   BANK19         

        CLASS   BANK18         

        CLASS   BANK17         

        CLASS   BANK16         

        CLASS   BANK15         

        CLASS   BANK14         

        CLASS   BANK13         



SEGMENTS        Name                           Load    Length   Top    Selector   Space  Class     Delta

                reset_vec                      000000  000002  000002         0       0  CODE        2
                intentry                       000004  000309  00030D         8       0  CODE        2
                bssBANK0                       000020  00002E  00004E        20       1  BANK0       1
                cstackCOMMON                   000070  00000E  00007E        70       1  COMMON      1
                bssBANK1                       0000A0  000027  0000C7        A0       1  BANK1       1
                stringtext1                    00030D  00000B  000318       61A       0  STRCODE     2
                text3                          000318  000065  00037D       630       0  CODE        2
                config                         008007  000002  008009     1000E       0  CONFIG      2


UNUSED ADDRESS RANGES

        Name                Unused          Largest block    Delta
        BANK0            0004E-0006F              22           1
        BANK1            000C7-000EF              29           1
        BANK10           00520-0056F              50           1
        BANK11           005A0-005EF              50           1
        BANK12           00620-0064F              30           1
        BANK2            00120-0016F              50           1
        BANK3            001A0-001EF              50           1
        BANK4            00220-0026F              50           1
        BANK5            002A0-002EF              50           1
        BANK6            00320-0036F              50           1
        BANK7            003A0-003EF              50           1
        BANK8            00420-0046F              50           1
        BANK9            004A0-004EF              50           1
        BIGRAM           02000-023EF             3F0           1
        CODE             00002-00003               2           2
                         0037D-01FFF             800
        CONST            00002-00003               2           2
                         0037D-01FFF             100
        EEDATA           0F000-0F0FF             100           2
        ENTRY            00002-00003               2           2
                         0037D-01FFF             100
        IDLOC            08000-08003               4           2
        RAM              0004E-0006F              22           1
                         000C7-000EF              29
                         00120-0016F              50
                         001A0-001EF              50
                         00220-0026F              50
                         002A0-002EF              50
                         00320-0036F              50
                         003A0-003EF              50
                         00420-0046F              50
                         004A0-004EF              50
                         00520-0056F              50
                         005A0-005EF              50
                         00620-0064F              30
        SFR0             00000-0001F              20           1
        SFR1             00080-0009F              20           1
        SFR10            00500-0051F              20           1
        SFR11            00580-0059F              20           1
        SFR12            00600-0061F              20           1
        SFR13            00680-006EF              70           1
        SFR14            00700-0076F              70           1
        SFR15            00780-007EF              70           1
        SFR16            00800-0086F              70           1
        SFR17            00880-008EF              70           1
        SFR18            00900-0096F              70           1
        SFR19            00980-009EF              70           1
        SFR2             00100-0011F              20           1
        SFR20            00A00-00A6F              70           1
        SFR21            00A80-00AEF              70           1
        SFR22            00B00-00B6F              70           1
        SFR23            00B80-00BEF              70           1
        SFR24            00C00-00C6F              70           1
        SFR25            00C80-00CEF              70           1
        SFR26            00D00-00D6F              70           1
        SFR27            00D80-00DEF              70           1
        SFR28            00E00-00E6F              70           1
        SFR29            00E80-00EEF              70           1
        SFR3             00180-0019F              20           1
        SFR30            00F00-00F6F              70           1
        SFR31            00F80-00FEF              70           1
        SFR4             00200-0021F              20           1
        SFR5             00280-0029F              20           1
        SFR6             00300-0031F              20           1
        SFR7             00380-0039F              20           1
        SFR8             00400-0041F              20           1
        SFR9             00480-0049F              20           1
        STACK            02077-023EF             379           1
        STRCODE          00002-00003               2           2
                         0037D-01FFF            1C83
        STRING           00002-00003               2           2
                         0037D-01FFF             100

                                  Symbol Table

?___awmod                          cstackBANK0  00038
?___lwmod                          cstackCOMMON 00070
_BRG16                             (abs)        00CFB
_BRGH                              (abs)        00CF2
_CCP2CONbits                       (abs)        0029A
_CCPR2H                            (abs)        00299
_CCPR2L                            (abs)        00298
_CREN                              (abs)        00CEC
_GIE                               (abs)        0005F
_INTCONbits                        (abs)        0000B
_IOCAN                             (abs)        00392
_IOCAP                             (abs)        00391
_IOCBN                             (abs)        00395
_IOCBP                             (abs)        00394
_IOCCFbits                         (abs)        00399
_IOCCN                             (abs)        00398
_IOCCP                             (abs)        00397
_IOCCPbits                         (abs)        00397
_ISR                               intentry     00004
_LATA                              (abs)        0010C
_LATAbits                          (abs)        0010C
_LATB                              (abs)        0010D
_LATBbits                          (abs)        0010D
_LATC                              (abs)        0010E
_LATC3                             (abs)        00873
_LATC4                             (abs)        00874
_ODCONC3                           (abs)        01473
_ODCONC4                           (abs)        01474
_OPTION_REGbits                    (abs)        00095
_OSCCONbits                        (abs)        00099
_PEIE                              (abs)        0005E
_PIE1bits                          (abs)        00091
_PIE2bits                          (abs)        00092
_PIR1bits                          (abs)        00011
_PIR2bits                          (abs)        00012
_PORTAbits                         (abs)        0000C
_PORTCbits                         (abs)        0000E
_RC4                               (abs)        00074
_RCIE                              (abs)        0048D
_RCREG                             (abs)        00199
_RXSEL                             (abs)        008E9
_RX_data                           bssBANK0     00030
_SPBRGH                            (abs)        0019C
_SPBRGL                            (abs)        0019B
_SPEN                              (abs)        00CEF
_SYNC                              (abs)        00CF4
_T1CONbits                         (abs)        00018
_TMR0                              (abs)        00015
_TMR1H                             (abs)        00017
_TMR1L                             (abs)        00016
_TRISA                             (abs)        0008C
_TRISB                             (abs)        0008D
_TRISC                             (abs)        0008E
_TRISC3                            (abs)        00473
_TRISC4                            (abs)        00474
_TRISCbits                         (abs)        0008E
_TXEN                              (abs)        00CF5
_TXIE                              (abs)        0048C
_TXREG                             (abs)        0019A
_TXSEL                             (abs)        008EA
_TX_data                           bssBANK0     00031
_TX_en                             bssBANK0     0002F
_Temp                              bssBANK0     00024
_WPUA                              (abs)        0020C
_WPUB                              (abs)        0020D
_WPUC                              (abs)        0020E
_WPUC3                             (abs)        01073
_WPUC4                             (abs)        01074
_WPUCbits                          (abs)        0020E
__CFG_BOREN$ON                     (abs)        00000
__CFG_BORV$LO                      (abs)        00000
__CFG_CLKOUTEN$OFF                 (abs)        00000
__CFG_CP$OFF                       (abs)        00000
__CFG_CPD$OFF                      (abs)        00000
__CFG_FCMEN$ON                     (abs)        00000
__CFG_FOSC$HS                      (abs)        00000
__CFG_IESO$ON                      (abs)        00000
__CFG_LPBOR$OFF                    (abs)        00000
__CFG_LVP$ON                       (abs)        00000
__CFG_MCLRE$ON                     (abs)        00000
__CFG_PLLEN$ON                     (abs)        00000
__CFG_PWRTE$OFF                    (abs)        00000
__CFG_STVREN$ON                    (abs)        00000
__CFG_VCAPEN$OFF                   (abs)        00000
__CFG_WDTE$OFF                     (abs)        00000
__CFG_WRT$OFF                      (abs)        00000
__Habs1                            abs1         00000
__Hbank0                           bank0        00000
__Hbank1                           bank1        00000
__Hbank10                          bank10       00000
__Hbank11                          bank11       00000
__Hbank12                          bank12       00000
__Hbank13                          bank13       00000
__Hbank14                          bank14       00000
__Hbank15                          bank15       00000
__Hbank16                          bank16       00000
__Hbank17                          bank17       00000
__Hbank18                          bank18       00000
__Hbank19                          bank19       00000
__Hbank2                           bank2        00000
__Hbank20                          bank20       00000
__Hbank21                          bank21       00000
__Hbank22                          bank22       00000
__Hbank23                          bank23       00000
__Hbank24                          bank24       00000
__Hbank25                          bank25       00000
__Hbank26                          bank26       00000
__Hbank27                          bank27       00000
__Hbank28                          bank28       00000
__Hbank29                          bank29       00000
__Hbank3                           bank3        00000
__Hbank30                          bank30       00000
__Hbank31                          bank31       00000
__Hbank4                           bank4        00000
__Hbank5                           bank5        00000
__Hbank6                           bank6        00000
__Hbank7                           bank7        00000
__Hbank8                           bank8        00000
__Hbank9                           bank9        00000
__Hbigram                          bigram       00000
__HbssBANK0                        bssBANK0     00000
__HbssBANK1                        bssBANK1     00000
__Hcinit                           cinit        00042
__Hclrtext                         clrtext      00000
__Hcode                            code         00000
__Hcommon                          common       00000
__Hconfig                          config       08009
__HcstackBANK0                     cstackBANK0  00000
__HcstackCOMMON                    cstackCOMMON 00000
__Heeprom_data                     eeprom_data  00000
__Hend_init                        end_init     0002F
__Hfunctab                         functab      00000
__Hidloc                           idloc        00000
__Hinit                            init         0002D
__Hintentry                        intentry     0002D
__Hmaintext                        maintext     00000
__Hpowerup                         powerup      00000
__Hram                             ram          00000
__Hreset_vec                       reset_vec    00002
__Hsfr0                            sfr0         00000
__Hsfr1                            sfr1         00000
__Hsfr10                           sfr10        00000
__Hsfr11                           sfr11        00000
__Hsfr12                           sfr12        00000
__Hsfr13                           sfr13        00000
__Hsfr14                           sfr14        00000
__Hsfr15                           sfr15        00000
__Hsfr16                           sfr16        00000
__Hsfr17                           sfr17        00000
__Hsfr18                           sfr18        00000
__Hsfr19                           sfr19        00000
__Hsfr2                            sfr2         00000
__Hsfr20                           sfr20        00000
__Hsfr21                           sfr21        00000
__Hsfr22                           sfr22        00000
__Hsfr23                           sfr23        00000
__Hsfr24                           sfr24        00000
__Hsfr25                           sfr25        00000
__Hsfr26                           sfr26        00000
__Hsfr27                           sfr27        00000
__Hsfr28                           sfr28        00000
__Hsfr29                           sfr29        00000
__Hsfr3                            sfr3         00000
__Hsfr30                           sfr30        00000
__Hsfr31                           sfr31        00000
__Hsfr4                            sfr4         00000
__Hsfr5                            sfr5         00000
__Hsfr6                            sfr6         00000
__Hsfr7                            sfr7         00000
__Hsfr8                            sfr8         00000
__Hsfr9                            sfr9         00000
__Hspace_0                         (abs)        08009
__Hspace_1                         (abs)        000C7
__Hspace_2                         (abs)        00000
__Hspace_3                         (abs)        00000
__Hstack                           stack        00000
__Hstrings                         strings      00000
__Hstringtext1                     stringtext1  00000
__Htext                            text         00000
__Labs1                            abs1         00000
__Lbank0                           bank0        00000
__Lbank1                           bank1        00000
__Lbank10                          bank10       00000
__Lbank11                          bank11       00000
__Lbank12                          bank12       00000
__Lbank13                          bank13       00000
__Lbank14                          bank14       00000
__Lbank15                          bank15       00000
__Lbank16                          bank16       00000
__Lbank17                          bank17       00000
__Lbank18                          bank18       00000
__Lbank19                          bank19       00000
__Lbank2                           bank2        00000
__Lbank20                          bank20       00000
__Lbank21                          bank21       00000
__Lbank22                          bank22       00000
__Lbank23                          bank23       00000
__Lbank24                          bank24       00000
__Lbank25                          bank25       00000
__Lbank26                          bank26       00000
__Lbank27                          bank27       00000
__Lbank28                          bank28       00000
__Lbank29                          bank29       00000
__Lbank3                           bank3        00000
__Lbank30                          bank30       00000
__Lbank31                          bank31       00000
__Lbank4                           bank4        00000
__Lbank5                           bank5        00000
__Lbank6                           bank6        00000
__Lbank7                           bank7        00000
__Lbank8                           bank8        00000
__Lbank9                           bank9        00000
__Lbigram                          bigram       00000
__LbssBANK0                        bssBANK0     00000
__LbssBANK1                        bssBANK1     00000
__Lcinit                           cinit        0002F
__Lclrtext                         clrtext      00000
__Lcode                            code         00000
__Lcommon                          common       00000
__Lconfig                          config       08007
__LcstackBANK0                     cstackBANK0  00000
__LcstackCOMMON                    cstackCOMMON 00000
__Leeprom_data                     eeprom_data  00000
__Lend_init                        end_init     0002D
__Lfunctab                         functab      00000
__Lidloc                           idloc        00000
__Linit                            init         0002D
__Lintentry                        intentry     00004
__Lmaintext                        maintext     00000
__Lpowerup                         powerup      00000
__Lram                             ram          00000
__Lreset_vec                       reset_vec    00000
__Lsfr0                            sfr0         00000
__Lsfr1                            sfr1         00000
__Lsfr10                           sfr10        00000
__Lsfr11                           sfr11        00000
__Lsfr12                           sfr12        00000
__Lsfr13                           sfr13        00000
__Lsfr14                           sfr14        00000
__Lsfr15                           sfr15        00000
__Lsfr16                           sfr16        00000
__Lsfr17                           sfr17        00000
__Lsfr18                           sfr18        00000
__Lsfr19                           sfr19        00000
__Lsfr2                            sfr2         00000
__Lsfr20                           sfr20        00000
__Lsfr21                           sfr21        00000
__Lsfr22                           sfr22        00000
__Lsfr23                           sfr23        00000
__Lsfr24                           sfr24        00000
__Lsfr25                           sfr25        00000
__Lsfr26                           sfr26        00000
__Lsfr27                           sfr27        00000
__Lsfr28                           sfr28        00000
__Lsfr29                           sfr29        00000
__Lsfr3                            sfr3         00000
__Lsfr30                           sfr30        00000
__Lsfr31                           sfr31        00000
__Lsfr4                            sfr4         00000
__Lsfr5                            sfr5         00000
__Lsfr6                            sfr6         00000
__Lsfr7                            sfr7         00000
__Lsfr8                            sfr8         00000
__Lsfr9                            sfr9         00000
__Lspace_0                         (abs)        00000
__Lspace_1                         (abs)        00000
__Lspace_2                         (abs)        00000
__Lspace_3                         (abs)        00000
__Lstack                           stack        00000
__Lstrings                         strings      00000
__Lstringtext1                     stringtext1  00000
__Ltext                            text         00000
__S0                               (abs)        08009
__S1                               (abs)        000C7
__S2                               (abs)        00000
__S3                               (abs)        00000
___awmod                           text11       0019B
___awmod@counter                   cstackBANK0  0003D
___awmod@dividend                  cstackBANK0  0003A
___awmod@divisor                   cstackBANK0  00038
___awmod@sign                      cstackBANK0  0003E
___int_sp                          stack        00000
___latbits                         (abs)        00002
___lwmod                           text21       0021E
___lwmod@counter                   cstackCOMMON 00075
___lwmod@dividend                  cstackCOMMON 00072
___lwmod@divisor                   cstackCOMMON 00070
___sp                              stack        00000
__end_of_ISR                       intentry     0002D
__end_of___awmod                   text11       001E1
__end_of___lwmod                   text21       0024A
__end_of__initialization           cinit        0003E
__end_of_bpc_Cnt2Qua               text32       0037D
__end_of_bpc_proc                  text31       00378
__end_of_capture_IsIntrpt          text30       00369
__end_of_capture_IsNegEdge         text28       00342
__end_of_capture_Set               text14       0030D
__end_of_capture_clrIntrpt         text29       00375
__end_of_capture_handdle           text24       000BD
__end_of_capture_init              text12       00352
__end_of_capture_setEdge           text13       002D7
__end_of_data_getdata              text6        0037A
__end_of_display_control595_delay  text10       00301
__end_of_display_set               text5        0034A
__end_of_display_update            text7        0012F
__end_of_display_write_byte        text9        00275
__end_of_display_write_once        text8        002C4
__end_of_init_env                  text4        0019B
__end_of_key_isPressed             text19       0021E
__end_of_led_Blink                 text20       0032E
__end_of_led_SetState              text3        00323
__end_of_main                      maintext     0029E
__end_of_segmcode                  stringtext1  00318
__end_of_timer_IsTimer0Itrpt       text23       00365
__end_of_timer_IsTimer1Itrpt       text22       00361
__end_of_timer_Timer0Handdle       text18       00372
__end_of_timer_Timer0Reset         text17       0035D
__end_of_timer_Timer1ClrIntrpt     text16       0036F
__end_of_timer_Timer1Init          text2        002F4
__end_of_timer_Timer1Start         text1        0036C
__end_ofi1_capture_setEdge         text27       002E7
__end_ofi1_data_getdata            text26       0037C
__end_ofi1_led_SetState            text25       00338
__initialization                   cinit        0002F
__pbssBANK0                        bssBANK0     00020
__pbssBANK1                        bssBANK1     000A0
__pcstackBANK0                     cstackBANK0  00038
__pcstackCOMMON                    cstackCOMMON 00070
__pintentry                        intentry     00004
__pmaintext                        maintext     00275
__pstringtext1                     stringtext1  0030D
__ptext1                           text1        00369
__ptext10                          text10       002F4
__ptext11                          text11       0019B
__ptext12                          text12       0034A
__ptext13                          text13       002C4
__ptext14                          text14       00301
__ptext16                          text16       0036C
__ptext17                          text17       00358
__ptext18                          text18       0036F
__ptext19                          text19       001E1
__ptext2                           text2        002E7
__ptext20                          text20       00323
__ptext21                          text21       0021E
__ptext22                          text22       0035D
__ptext23                          text23       00361
__ptext24                          text24       00042
__ptext25                          text25       0032E
__ptext26                          text26       0037A
__ptext27                          text27       002D7
__ptext28                          text28       00338
__ptext29                          text29       00372
__ptext3                           text3        00318
__ptext30                          text30       00365
__ptext31                          text31       00375
__ptext32                          text32       0037C
__ptext4                           text4        0012F
__ptext5                           text5        00342
__ptext6                           text6        00378
__ptext7                           text7        000BD
__ptext8                           text8        0029E
__ptext9                           text9        0024A
__size_of_ISR                      (abs)        00000
__size_of___awmod                  (abs)        00000
__size_of___lwmod                  (abs)        00000
__size_of_bpc_Cnt2Qua              (abs)        00000
__size_of_bpc_proc                 (abs)        00000
__size_of_capture_IsIntrpt         (abs)        00000
__size_of_capture_IsNegEdge        (abs)        00000
__size_of_capture_Set              (abs)        00000
__size_of_capture_clrIntrpt        (abs)        00000
__size_of_capture_handdle          (abs)        00000
__size_of_capture_init             (abs)        00000
__size_of_capture_setEdge          (abs)        00000
__size_of_data_getdata             (abs)        00000
__size_of_display_control595_delay (abs)        00000
__size_of_display_set              (abs)        00000
__size_of_display_update           (abs)        00000
__size_of_display_write_byte       (abs)        00000
__size_of_display_write_once       (abs)        00000
__size_of_init_env                 (abs)        00000
__size_of_key_isPressed            (abs)        00000
__size_of_led_Blink                (abs)        00000
__size_of_led_SetState             (abs)        00000
__size_of_main                     (abs)        00000
__size_of_timer_IsTimer0Itrpt      (abs)        00000
__size_of_timer_IsTimer1Itrpt      (abs)        00000
__size_of_timer_Timer0Handdle      (abs)        00000
__size_of_timer_Timer0Reset        (abs)        00000
__size_of_timer_Timer1ClrIntrpt    (abs)        00000
__size_of_timer_Timer1Init         (abs)        00000
__size_of_timer_Timer1Start        (abs)        00000
__size_ofi1_capture_setEdge        (abs)        00000
__size_ofi1_data_getdata           (abs)        00000
__size_ofi1_led_SetState           (abs)        00000
_bpc_Cnt2Qua                       text32       0037C
_bpc_proc                          text31       00375
_capture_IsIntrpt                  text30       00365
_capture_IsNegEdge                 text28       00338
_capture_Set                       text14       00301
_capture_clrIntrpt                 text29       00372
_capture_handdle                   text24       00042
_capture_handdle$1294              cstackCOMMON 00077
_capture_init                      text12       0034A
_capture_setEdge                   text13       002C4
_data_getdata                      text6        00378
_display_control595_delay          text10       002F4
_display_set                       text5        00342
_display_update                    text7        000BD
_display_write_byte                text9        0024A
_display_write_once                text8        0029E
_flg_rc                            bssBANK0     0002E
_g_data                            bssBANK1     000A0
_init_env                          text4        0012F
_key_isPressed                     text19       001E1
_led_Blink                         text20       00323
_led_SetState                      text3        00318
_main                              maintext     00275
_segmcode                          stringtext1  0030D
_temp_h                            bssBANK0     00033
_temp_l                            bssBANK0     00032
_timer_IsTimer0Itrpt               text23       00361
_timer_IsTimer1Itrpt               text22       0035D
_timer_Timer0Handdle               text18       0036F
_timer_Timer0Reset                 text17       00358
_timer_Timer1ClrIntrpt             text16       0036C
_timer_Timer1Init                  text2        002E7
_timer_Timer1Start                 text1        00369
btemp                              (abs)        0007E
capture_Set@isON                   cstackBANK0  00038
capture_handdle@cnt_int            cstackCOMMON 0007A
capture_handdle@cnt_tmp            cstackCOMMON 0007C
capture_handdle@last_cnt           bssBANK0     00022
capture_handdle@pdata              cstackCOMMON 00079
capture_setEdge@edge               cstackBANK0  00038
clear_ram0                         clrtext      00352
display_control595_delay@times     cstackBANK0  00039
display_set@ison                   cstackBANK0  00038
display_update@i                   bssBANK0     0002D
display_write_byte@data            cstackBANK0  0003C
display_write_byte@i               cstackBANK0  0003D
display_write_once@HL              cstackBANK0  00042
display_write_once@HR              cstackBANK0  0003F
display_write_once@ML              cstackBANK0  00040
display_write_once@MR              cstackBANK0  00041
end_of_initialization              cinit        0003E
i1_capture_setEdge                 text27       002D7
i1_data_getdata                    text26       0037A
i1_led_SetState                    text25       0032E
i1capture_setEdge@edge             cstackCOMMON 00070
i1led_SetState@isOn                cstackCOMMON 00070
init_env@i                         cstackBANK0  0003C
init_env@pdata                     cstackBANK0  0003B
int$flags                          (abs)        0007E
intlevel0                          functab      00000
intlevel1                          functab      00000
intlevel2                          functab      00000
intlevel3                          functab      00000
intlevel4                          functab      00000
intlevel5                          functab      00000
key_isPressed@history_key          bssBANK0     0002B
key_isPressed@key_time_cnt         bssBANK0     00020
key_isPressed@pdata                cstackCOMMON 00078
led_Blink@State                    bssBANK0     0002C
led_SetState@isOn                  cstackBANK0  00038
main@i                             bssBANK0     00026
receive_decode@cnt_low             bssBANK0     0002A
reset_vec                          reset_vec    00000
stackhi                            (abs)        023EF
stacklo                            (abs)        02077
start                              init         0002D
start_initialization               cinit        0002F
tmp_change@history_key             bssBANK0     00036
tmp_change@key_time_cnt            bssBANK0     00028
wtemp0                             (abs)        0007E


FUNCTION INFORMATION:

 *************** function _main *****************
 Defined at:
		line 227 in file "main.c"
 Parameters:    Size  Location     Type
		None
 Auto vars:     Size  Location     Type
		None
 Return value:  Size  Location     Type
                  1    wreg      void 
 Registers used:
		wreg, fsr0l, fsr0h, fsr1l, fsr1h, status,2, status,0, pclath, cstack
 Tracked objects:
		On entry : 
		On exit  : 
		Unchanged: 
 Data sizes:     COMMON   BANK0   BANK1   BANK2   BANK3   BANK4   BANK5   BANK6   BANK7   BANK8   BANK9  BANK10  BANK11  BANK12
      Params:         0       0       0       0       0       0       0       0       0       0       0       0       0       0
      Locals:         0       0       0       0       0       0       0       0       0       0       0       0       0       0
      Temps:          0       0       0       0       0       0       0       0       0       0       0       0       0       0
      Totals:         0       0       0       0       0       0       0       0       0       0       0       0       0       0
Total ram usage:        0 bytes
 Hardware stack levels required when called:    9
 This function calls:
		_capture_Set
		_capture_init
		_display_set
		_display_update
		_init_env
		_led_SetState
		_timer_Timer1Init
		_timer_Timer1Start
 This function is called by:
		Startup code after reset
 This function uses a non-reentrant model


 *************** function _timer_Timer1Start *****************
 Defined at:
		line 31 in file "timer.c"
 Parameters:    Size  Location     Type
		None
 Auto vars:     Size  Location     Type
		None
 Return value:  Size  Location     Type
                  1    wreg      void 
 Registers used:
		None
 Tracked objects:
		On entry : 
		On exit  : 
		Unchanged: 
 Data sizes:     COMMON   BANK0   BANK1   BANK2   BANK3   BANK4   BANK5   BANK6   BANK7   BANK8   BANK9  BANK10  BANK11  BANK12
      Params:         0       0       0       0       0       0       0       0       0       0       0       0       0       0
      Locals:         0       0       0       0       0       0       0       0       0       0       0       0       0       0
      Temps:          0       0       0       0       0       0       0       0       0       0       0       0       0       0
      Totals:         0       0       0       0       0       0       0       0       0       0       0       0       0       0
Total ram usage:        0 bytes
 Hardware stack levels used:    1
 Hardware stack levels required when called:    5
 This function calls:
		Nothing
 This function is called by:
		_main
 This function uses a non-reentrant model


 *************** function _timer_Timer1Init *****************
 Defined at:
		line 9 in file "timer.c"
 Parameters:    Size  Location     Type
		None
 Auto vars:     Size  Location     Type
		None
 Return value:  Size  Location     Type
                  1    wreg      void 
 Registers used:
		wreg, status,2, status,0
 Tracked objects:
		On entry : 
		On exit  : 
		Unchanged: 
 Data sizes:     COMMON   BANK0   BANK1   BANK2   BANK3   BANK4   BANK5   BANK6   BANK7   BANK8   BANK9  BANK10  BANK11  BANK12
      Params:         0       0       0       0       0       0       0       0       0       0       0       0       0       0
      Locals:         0       0       0       0       0       0       0       0       0       0       0       0       0       0
      Temps:          0       0       0       0       0       0       0       0       0       0       0       0       0       0
      Totals:         0       0       0       0       0       0       0       0       0       0       0       0       0       0
Total ram usage:        0 bytes
 Hardware stack levels used:    1
 Hardware stack levels required when called:    5
 This function calls:
		Nothing
 This function is called by:
		_main
 This function uses a non-reentrant model


 *************** function _led_SetState *****************
 Defined at:
		line 107 in file "hardware.c"
 Parameters:    Size  Location     Type
  isOn            1    wreg     unsigned char 
 Auto vars:     Size  Location     Type
  isOn            1    0[BANK0 ] unsigned char 
 Return value:  Size  Location     Type
                  1    wreg      unsigned char 
 Registers used:
		wreg, status,2, status,0
 Tracked objects:
		On entry : 
		On exit  : 
		Unchanged: 
 Data sizes:     COMMON   BANK0   BANK1   BANK2   BANK3   BANK4   BANK5   BANK6   BANK7   BANK8   BANK9  BANK10  BANK11  BANK12
      Params:         0       0       0       0       0       0       0       0       0       0       0       0       0       0
      Locals:         0       1       0       0       0       0       0       0       0       0       0       0       0       0
      Temps:          0       0       0       0       0       0       0       0       0       0       0       0       0       0
      Totals:         0       1       0       0       0       0       0       0       0       0       0       0       0       0
Total ram usage:        1 bytes
 Hardware stack levels used:    1
 Hardware stack levels required when called:    5
 This function calls:
		Nothing
 This function is called by:
		_main
 This function uses a non-reentrant model


 *************** function _init_env *****************
 Defined at:
		line 44 in file "main.c"
 Parameters:    Size  Location     Type
		None
 Auto vars:     Size  Location     Type
  i               2    4[BANK0 ] int 
  pdata           1    3[BANK0 ] PTR volatile struct .
		 -> g_data(39), 
 Return value:  Size  Location     Type
                  1    wreg      void 
 Registers used:
		wreg, fsr1l, fsr1h, status,2, status,0, pclath, cstack
 Tracked objects:
		On entry : 
		On exit  : 
		Unchanged: 
 Data sizes:     COMMON   BANK0   BANK1   BANK2   BANK3   BANK4   BANK5   BANK6   BANK7   BANK8   BANK9  BANK10  BANK11  BANK12
      Params:         0       0       0       0       0       0       0       0       0       0       0       0       0       0
      Locals:         0       3       0       0       0       0       0       0       0       0       0       0       0       0
      Temps:          0       2       0       0       0       0       0       0       0       0       0       0       0       0
      Totals:         0       5       0       0       0       0       0       0       0       0       0       0       0       0
Total ram usage:        5 bytes
 Hardware stack levels used:    1
 Hardware stack levels required when called:    6
 This function calls:
		_data_getdata
		_display_set
 This function is called by:
		_main
 This function uses a non-reentrant model


 *************** function _display_set *****************
 Defined at:
		line 14 in file "display.c"
 Parameters:    Size  Location     Type
  ison            1    wreg     enum E5222
 Auto vars:     Size  Location     Type
  ison            1    0[BANK0 ] enum E5222
 Return value:  Size  Location     Type
                  1    wreg      void 
 Registers used:
		wreg, status,0
 Tracked objects:
		On entry : 
		On exit  : 
		Unchanged: 
 Data sizes:     COMMON   BANK0   BANK1   BANK2   BANK3   BANK4   BANK5   BANK6   BANK7   BANK8   BANK9  BANK10  BANK11  BANK12
      Params:         0       0       0       0       0       0       0       0       0       0       0       0       0       0
      Locals:         0       1       0       0       0       0       0       0       0       0       0       0       0       0
      Temps:          0       0       0       0       0       0       0       0       0       0       0       0       0       0
      Totals:         0       1       0       0       0       0       0       0       0       0       0       0       0       0
Total ram usage:        1 bytes
 Hardware stack levels used:    1
 Hardware stack levels required when called:    5
 This function calls:
		Nothing
 This function is called by:
		_init_env
		_main
 This function uses a non-reentrant model


 *************** function _data_getdata *****************
 Defined at:
		line 9 in file "data.c"
 Parameters:    Size  Location     Type
		None
 Auto vars:     Size  Location     Type
		None
 Return value:  Size  Location     Type
                  1    wreg      PTR volatile struct .
 Registers used:
		wreg
 Tracked objects:
		On entry : 
		On exit  : 
		Unchanged: 
 Data sizes:     COMMON   BANK0   BANK1   BANK2   BANK3   BANK4   BANK5   BANK6   BANK7   BANK8   BANK9  BANK10  BANK11  BANK12
      Params:         0       0       0       0       0       0       0       0       0       0       0       0       0       0
      Locals:         0       0       0       0       0       0       0       0       0       0       0       0       0       0
      Temps:          0       0       0       0       0       0       0       0       0       0       0       0       0       0
      Totals:         0       0       0       0       0       0       0       0       0       0       0       0       0       0
Total ram usage:        0 bytes
 Hardware stack levels used:    1
 Hardware stack levels required when called:    5
 This function calls:
		Nothing
 This function is called by:
		_init_env
		_tmp_change
		_update_time
		_check_err
		_receive_decode
 This function uses a non-reentrant model


 *************** function _display_update *****************
 Defined at:
		line 72 in file "display.c"
 Parameters:    Size  Location     Type
		None
 Auto vars:     Size  Location     Type
		None
 Return value:  Size  Location     Type
                  1    wreg      void 
 Registers used:
		wreg, fsr0l, fsr0h, status,2, status,0, pclath, cstack
 Tracked objects:
		On entry : 
		On exit  : 
		Unchanged: 
 Data sizes:     COMMON   BANK0   BANK1   BANK2   BANK3   BANK4   BANK5   BANK6   BANK7   BANK8   BANK9  BANK10  BANK11  BANK12
      Params:         0       0       0       0       0       0       0       0       0       0       0       0       0       0
      Locals:         0       0       0       0       0       0       0       0       0       0       0       0       0       0
      Temps:          0      11       0       0       0       0       0       0       0       0       0       0       0       0
      Totals:         0      11       0       0       0       0       0       0       0       0       0       0       0       0
Total ram usage:       11 bytes
 Hardware stack levels used:    1
 Hardware stack levels required when called:    8
 This function calls:
		___awmod
		_display_write_once
 This function is called by:
		_main
		_update_time
		_receive_decode
 This function uses a non-reentrant model


 *************** function _display_write_once *****************
 Defined at:
		line 54 in file "display.c"
 Parameters:    Size  Location     Type
  HL              1    wreg     unsigned char 
  HR              1    7[BANK0 ] unsigned char 
  ML              1    8[BANK0 ] unsigned char 
  MR              1    9[BANK0 ] unsigned char 
 Auto vars:     Size  Location     Type
  HL              1   10[BANK0 ] unsigned char 
 Return value:  Size  Location     Type
                  1    wreg      void 
 Registers used:
		wreg, status,2, status,0, pclath, cstack
 Tracked objects:
		On entry : 
		On exit  : 
		Unchanged: 
 Data sizes:     COMMON   BANK0   BANK1   BANK2   BANK3   BANK4   BANK5   BANK6   BANK7   BANK8   BANK9  BANK10  BANK11  BANK12
      Params:         0       3       0       0       0       0       0       0       0       0       0       0       0       0
      Locals:         0       1       0       0       0       0       0       0       0       0       0       0       0       0
      Temps:          0       0       0       0       0       0       0       0       0       0       0       0       0       0
      Totals:         0       4       0       0       0       0       0       0       0       0       0       0       0       0
Total ram usage:        4 bytes
 Hardware stack levels used:    1
 Hardware stack levels required when called:    7
 This function calls:
		_display_control595_delay
		_display_write_byte
 This function is called by:
		_display_update
 This function uses a non-reentrant model


 *************** function _display_write_byte *****************
 Defined at:
		line 42 in file "display.c"
 Parameters:    Size  Location     Type
  data            1    wreg     unsigned char 
 Auto vars:     Size  Location     Type
  data            1    4[BANK0 ] unsigned char 
  i               1    5[BANK0 ] unsigned char 
 Return value:  Size  Location     Type
                  1    wreg      void 
 Registers used:
		wreg, status,2, status,0, pclath, cstack
 Tracked objects:
		On entry : 
		On exit  : 
		Unchanged: 
 Data sizes:     COMMON   BANK0   BANK1   BANK2   BANK3   BANK4   BANK5   BANK6   BANK7   BANK8   BANK9  BANK10  BANK11  BANK12
      Params:         0       0       0       0       0       0       0       0       0       0       0       0       0       0
      Locals:         0       2       0       0       0       0       0       0       0       0       0       0       0       0
      Temps:          0       2       0       0       0       0       0       0       0       0       0       0       0       0
      Totals:         0       4       0       0       0       0       0       0       0       0       0       0       0       0
Total ram usage:        4 bytes
 Hardware stack levels used:    1
 Hardware stack levels required when called:    6
 This function calls:
		_display_control595_delay
 This function is called by:
		_display_write_once
 This function uses a non-reentrant model


 *************** function _display_control595_delay *****************
 Defined at:
		line 26 in file "display.c"
 Parameters:    Size  Location     Type
		None
 Auto vars:     Size  Location     Type
  times           1    1[BANK0 ] unsigned char 
 Return value:  Size  Location     Type
                  1    wreg      void 
 Registers used:
		wreg, status,2, status,0
 Tracked objects:
		On entry : 
		On exit  : 
		Unchanged: 
 Data sizes:     COMMON   BANK0   BANK1   BANK2   BANK3   BANK4   BANK5   BANK6   BANK7   BANK8   BANK9  BANK10  BANK11  BANK12
      Params:         0       0       0       0       0       0       0       0       0       0       0       0       0       0
      Locals:         0       1       0       0       0       0       0       0       0       0       0       0       0       0
      Temps:          0       1       0       0       0       0       0       0       0       0       0       0       0       0
      Totals:         0       2       0       0       0       0       0       0       0       0       0       0       0       0
Total ram usage:        2 bytes
 Hardware stack levels used:    1
 Hardware stack levels required when called:    5
 This function calls:
		Nothing
 This function is called by:
		_display_write_byte
		_display_write_once
 This function uses a non-reentrant model


 *************** function ___awmod *****************
 Defined at:
		line 5 in file "F:\other_software\MPLAB_X_IDE\xc8\v2.00\pic\sources\c99\common\awmod.c"
 Parameters:    Size  Location     Type
  divisor         2    0[BANK0 ] int 
  dividend        2    2[BANK0 ] int 
 Auto vars:     Size  Location     Type
  sign            1    6[BANK0 ] unsigned char 
  counter         1    5[BANK0 ] unsigned char 
 Return value:  Size  Location     Type
                  2    0[BANK0 ] int 
 Registers used:
		wreg, status,2, status,0
 Tracked objects:
		On entry : 
		On exit  : 
		Unchanged: 
 Data sizes:     COMMON   BANK0   BANK1   BANK2   BANK3   BANK4   BANK5   BANK6   BANK7   BANK8   BANK9  BANK10  BANK11  BANK12
      Params:         0       4       0       0       0       0       0       0       0       0       0       0       0       0
      Locals:         0       2       0       0       0       0       0       0       0       0       0       0       0       0
      Temps:          0       1       0       0       0       0       0       0       0       0       0       0       0       0
      Totals:         0       7       0       0       0       0       0       0       0       0       0       0       0       0
Total ram usage:        7 bytes
 Hardware stack levels used:    1
 Hardware stack levels required when called:    5
 This function calls:
		Nothing
 This function is called by:
		_display_update
 This function uses a non-reentrant model


 *************** function _capture_init *****************
 Defined at:
		line 25 in file "hardware.c"
 Parameters:    Size  Location     Type
		None
 Auto vars:     Size  Location     Type
		None
 Return value:  Size  Location     Type
                  1    wreg      unsigned char 
 Registers used:
		wreg, status,2, status,0, pclath, cstack
 Tracked objects:
		On entry : 
		On exit  : 
		Unchanged: 
 Data sizes:     COMMON   BANK0   BANK1   BANK2   BANK3   BANK4   BANK5   BANK6   BANK7   BANK8   BANK9  BANK10  BANK11  BANK12
      Params:         0       0       0       0       0       0       0       0       0       0       0       0       0       0
      Locals:         0       0       0       0       0       0       0       0       0       0       0       0       0       0
      Temps:          0       0       0       0       0       0       0       0       0       0       0       0       0       0
      Totals:         0       0       0       0       0       0       0       0       0       0       0       0       0       0
Total ram usage:        0 bytes
 Hardware stack levels used:    1
 Hardware stack levels required when called:    6
 This function calls:
		_capture_setEdge
 This function is called by:
		_main
 This function uses a non-reentrant model


 *************** function _capture_setEdge *****************
 Defined at:
		line 12 in file "hardware.c"
 Parameters:    Size  Location     Type
  edge            1    wreg     unsigned char 
 Auto vars:     Size  Location     Type
  edge            1    0[BANK0 ] unsigned char 
 Return value:  Size  Location     Type
                  2  413[None  ] int 
 Registers used:
		wreg, status,2, status,0
 Tracked objects:
		On entry : 
		On exit  : 
		Unchanged: 
 Data sizes:     COMMON   BANK0   BANK1   BANK2   BANK3   BANK4   BANK5   BANK6   BANK7   BANK8   BANK9  BANK10  BANK11  BANK12
      Params:         0       0       0       0       0       0       0       0       0       0       0       0       0       0
      Locals:         0       1       0       0       0       0       0       0       0       0       0       0       0       0
      Temps:          0       0       0       0       0       0       0       0       0       0       0       0       0       0
      Totals:         0       1       0       0       0       0       0       0       0       0       0       0       0       0
Total ram usage:        1 bytes
 Hardware stack levels used:    1
 Hardware stack levels required when called:    5
 This function calls:
		Nothing
 This function is called by:
		_capture_init
 This function uses a non-reentrant model


 *************** function _capture_Set *****************
 Defined at:
		line 38 in file "hardware.c"
 Parameters:    Size  Location     Type
  isON            1    wreg     unsigned char 
 Auto vars:     Size  Location     Type
  isON            1    0[BANK0 ] unsigned char 
 Return value:  Size  Location     Type
                  1    wreg      unsigned char 
 Registers used:
		wreg, status,2, status,0
 Tracked objects:
		On entry : 
		On exit  : 
		Unchanged: 
 Data sizes:     COMMON   BANK0   BANK1   BANK2   BANK3   BANK4   BANK5   BANK6   BANK7   BANK8   BANK9  BANK10  BANK11  BANK12
      Params:         0       0       0       0       0       0       0       0       0       0       0       0       0       0
      Locals:         0       1       0       0       0       0       0       0       0       0       0       0       0       0
      Temps:          0       0       0       0       0       0       0       0       0       0       0       0       0       0
      Totals:         0       1       0       0       0       0       0       0       0       0       0       0       0       0
Total ram usage:        1 bytes
 Hardware stack levels used:    1
 Hardware stack levels required when called:    5
 This function calls:
		Nothing
 This function is called by:
		_main
 This function uses a non-reentrant model


 *************** function _ISR *****************
 Defined at:
		line 193 in file "main.c"
 Parameters:    Size  Location     Type
		None
 Auto vars:     Size  Location     Type
		None
 Return value:  Size  Location     Type
                  1    wreg      void 
 Registers used:
		wreg, fsr1l, fsr1h, status,2, status,0, pclath, cstack
 Tracked objects:
		On entry : 
		On exit  : 
		Unchanged: 
 Data sizes:     COMMON   BANK0   BANK1   BANK2   BANK3   BANK4   BANK5   BANK6   BANK7   BANK8   BANK9  BANK10  BANK11  BANK12
      Params:         0       0       0       0       0       0       0       0       0       0       0       0       0       0
      Locals:         0       0       0       0       0       0       0       0       0       0       0       0       0       0
      Temps:          0       0       0       0       0       0       0       0       0       0       0       0       0       0
      Totals:         0       0       0       0       0       0       0       0       0       0       0       0       0       0
Total ram usage:        0 bytes
 Hardware stack levels used:    1
 Hardware stack levels required when called:    4
 This function calls:
		_bpc_proc
		_capture_IsIntrpt
		_capture_clrIntrpt
		_capture_handdle
		_timer_IsTimer0Itrpt
		_timer_IsTimer1Itrpt
		_timer_Timer0Handdle
		_timer_Timer0Reset
		_timer_Timer1ClrIntrpt
 This function is called by:
		Interrupt level 1
 This function uses a non-reentrant model


 *************** function _timer_Timer1ClrIntrpt *****************
 Defined at:
		line 42 in file "timer.c"
 Parameters:    Size  Location     Type
		None
 Auto vars:     Size  Location     Type
		None
 Return value:  Size  Location     Type
                  1    wreg      void 
 Registers used:
		None
 Tracked objects:
		On entry : 
		On exit  : 
		Unchanged: 
 Data sizes:     COMMON   BANK0   BANK1   BANK2   BANK3   BANK4   BANK5   BANK6   BANK7   BANK8   BANK9  BANK10  BANK11  BANK12
      Params:         0       0       0       0       0       0       0       0       0       0       0       0       0       0
      Locals:         0       0       0       0       0       0       0       0       0       0       0       0       0       0
      Temps:          0       0       0       0       0       0       0       0       0       0       0       0       0       0
      Totals:         0       0       0       0       0       0       0       0       0       0       0       0       0       0
Total ram usage:        0 bytes
 Hardware stack levels used:    1
 This function calls:
		Nothing
 This function is called by:
		_ISR
 This function uses a non-reentrant model


 *************** function _timer_Timer0Reset *****************
 Defined at:
		line 70 in file "timer.c"
 Parameters:    Size  Location     Type
		None
 Auto vars:     Size  Location     Type
		None
 Return value:  Size  Location     Type
                  1    wreg      void 
 Registers used:
		wreg
 Tracked objects:
		On entry : 
		On exit  : 
		Unchanged: 
 Data sizes:     COMMON   BANK0   BANK1   BANK2   BANK3   BANK4   BANK5   BANK6   BANK7   BANK8   BANK9  BANK10  BANK11  BANK12
      Params:         0       0       0       0       0       0       0       0       0       0       0       0       0       0
      Locals:         0       0       0       0       0       0       0       0       0       0       0       0       0       0
      Temps:          0       0       0       0       0       0       0       0       0       0       0       0       0       0
      Totals:         0       0       0       0       0       0       0       0       0       0       0       0       0       0
Total ram usage:        0 bytes
 Hardware stack levels used:    1
 This function calls:
		Nothing
 This function is called by:
		_ISR
		_tmp_change
		_timer_Timer0Start
 This function uses a non-reentrant model


 *************** function _timer_Timer0Handdle *****************
 Defined at:
		line 88 in file "timer.c"
 Parameters:    Size  Location     Type
		None
 Auto vars:     Size  Location     Type
		None
 Return value:  Size  Location     Type
                  2   68[None  ] int 
 Registers used:
		wreg, fsr1l, fsr1h, status,2, status,0, pclath, cstack
 Tracked objects:
		On entry : 
		On exit  : 
		Unchanged: 
 Data sizes:     COMMON   BANK0   BANK1   BANK2   BANK3   BANK4   BANK5   BANK6   BANK7   BANK8   BANK9  BANK10  BANK11  BANK12
      Params:         0       0       0       0       0       0       0       0       0       0       0       0       0       0
      Locals:         0       0       0       0       0       0       0       0       0       0       0       0       0       0
      Temps:          0       0       0       0       0       0       0       0       0       0       0       0       0       0
      Totals:         0       0       0       0       0       0       0       0       0       0       0       0       0       0
Total ram usage:        0 bytes
 Hardware stack levels used:    1
 Hardware stack levels required when called:    3
 This function calls:
		_key_isPressed
 This function is called by:
		_ISR
 This function uses a non-reentrant model


 *************** function _key_isPressed *****************
 Defined at:
		line 123 in file "hardware.c"
 Parameters:    Size  Location     Type
		None
 Auto vars:     Size  Location     Type
  pdata           1    8[COMMON] PTR volatile struct .
		 -> g_data(39), 
 Return value:  Size  Location     Type
                  1    wreg      void 
 Registers used:
		wreg, fsr1l, fsr1h, status,2, status,0, pclath, cstack
 Tracked objects:
		On entry : 
		On exit  : 
		Unchanged: 
 Data sizes:     COMMON   BANK0   BANK1   BANK2   BANK3   BANK4   BANK5   BANK6   BANK7   BANK8   BANK9  BANK10  BANK11  BANK12
      Params:         0       0       0       0       0       0       0       0       0       0       0       0       0       0
      Locals:         1       0       0       0       0       0       0       0       0       0       0       0       0       0
      Temps:          2       0       0       0       0       0       0       0       0       0       0       0       0       0
      Totals:         3       0       0       0       0       0       0       0       0       0       0       0       0       0
Total ram usage:        3 bytes
 Hardware stack levels used:    1
 Hardware stack levels required when called:    2
 This function calls:
		___lwmod
		_led_Blink
		i1_data_getdata
 This function is called by:
		_timer_Timer0Handdle
 This function uses a non-reentrant model


 *************** function _led_Blink *****************
 Defined at:
		line 113 in file "hardware.c"
 Parameters:    Size  Location     Type
		None
 Auto vars:     Size  Location     Type
		None
 Return value:  Size  Location     Type
                  1    wreg      unsigned char 
 Registers used:
		wreg, status,2, status,0, pclath, cstack
 Tracked objects:
		On entry : 
		On exit  : 
		Unchanged: 
 Data sizes:     COMMON   BANK0   BANK1   BANK2   BANK3   BANK4   BANK5   BANK6   BANK7   BANK8   BANK9  BANK10  BANK11  BANK12
      Params:         0       0       0       0       0       0       0       0       0       0       0       0       0       0
      Locals:         0       0       0       0       0       0       0       0       0       0       0       0       0       0
      Temps:          1       0       0       0       0       0       0       0       0       0       0       0       0       0
      Totals:         1       0       0       0       0       0       0       0       0       0       0       0       0       0
Total ram usage:        1 bytes
 Hardware stack levels used:    1
 Hardware stack levels required when called:    1
 This function calls:
		i1_led_SetState
 This function is called by:
		_key_isPressed
 This function uses a non-reentrant model


 *************** function ___lwmod *****************
 Defined at:
		line 5 in file "F:\other_software\MPLAB_X_IDE\xc8\v2.00\pic\sources\c99\common\lwmod.c"
 Parameters:    Size  Location     Type
  divisor         2    0[COMMON] unsigned int 
  dividend        2    2[COMMON] unsigned int 
 Auto vars:     Size  Location     Type
  counter         1    5[COMMON] unsigned char 
 Return value:  Size  Location     Type
                  2    0[COMMON] unsigned int 
 Registers used:
		wreg, status,2, status,0
 Tracked objects:
		On entry : 
		On exit  : 
		Unchanged: 
 Data sizes:     COMMON   BANK0   BANK1   BANK2   BANK3   BANK4   BANK5   BANK6   BANK7   BANK8   BANK9  BANK10  BANK11  BANK12
      Params:         4       0       0       0       0       0       0       0       0       0       0       0       0       0
      Locals:         1       0       0       0       0       0       0       0       0       0       0       0       0       0
      Temps:          1       0       0       0       0       0       0       0       0       0       0       0       0       0
      Totals:         6       0       0       0       0       0       0       0       0       0       0       0       0       0
Total ram usage:        6 bytes
 Hardware stack levels used:    1
 This function calls:
		Nothing
 This function is called by:
		_key_isPressed
		_tmp_change
 This function uses a non-reentrant model


 *************** function _timer_IsTimer1Itrpt *****************
 Defined at:
		line 37 in file "timer.c"
 Parameters:    Size  Location     Type
		None
 Auto vars:     Size  Location     Type
		None
 Return value:  Size  Location     Type
                  1    wreg      enum E5222
 Registers used:
		wreg, status,2, status,0
 Tracked objects:
		On entry : 
		On exit  : 
		Unchanged: 
 Data sizes:     COMMON   BANK0   BANK1   BANK2   BANK3   BANK4   BANK5   BANK6   BANK7   BANK8   BANK9  BANK10  BANK11  BANK12
      Params:         0       0       0       0       0       0       0       0       0       0       0       0       0       0
      Locals:         0       0       0       0       0       0       0       0       0       0       0       0       0       0
      Temps:          0       0       0       0       0       0       0       0       0       0       0       0       0       0
      Totals:         0       0       0       0       0       0       0       0       0       0       0       0       0       0
Total ram usage:        0 bytes
 Hardware stack levels used:    1
 This function calls:
		Nothing
 This function is called by:
		_ISR
 This function uses a non-reentrant model


 *************** function _timer_IsTimer0Itrpt *****************
 Defined at:
		line 81 in file "timer.c"
 Parameters:    Size  Location     Type
		None
 Auto vars:     Size  Location     Type
		None
 Return value:  Size  Location     Type
                  1    wreg      enum E5222
 Registers used:
		wreg, status,2, status,0
 Tracked objects:
		On entry : 
		On exit  : 
		Unchanged: 
 Data sizes:     COMMON   BANK0   BANK1   BANK2   BANK3   BANK4   BANK5   BANK6   BANK7   BANK8   BANK9  BANK10  BANK11  BANK12
      Params:         0       0       0       0       0       0       0       0       0       0       0       0       0       0
      Locals:         0       0       0       0       0       0       0       0       0       0       0       0       0       0
      Temps:          0       0       0       0       0       0       0       0       0       0       0       0       0       0
      Totals:         0       0       0       0       0       0       0       0       0       0       0       0       0       0
Total ram usage:        0 bytes
 Hardware stack levels used:    1
 This function calls:
		Nothing
 This function is called by:
		_ISR
 This function uses a non-reentrant model


 *************** function _capture_handdle *****************
 Defined at:
		line 62 in file "hardware.c"
 Parameters:    Size  Location     Type
		None
 Auto vars:     Size  Location     Type
  cnt_tmp         2   12[COMMON] unsigned short 
  cnt_int         2   10[COMMON] unsigned short 
  pdata           1    9[COMMON] PTR volatile struct .
		 -> g_data(39), 
 Return value:  Size  Location     Type
                  2   72[None  ] int 
 Registers used:
		wreg, fsr1l, fsr1h, status,2, status,0, pclath, cstack
 Tracked objects:
		On entry : 
		On exit  : 
		Unchanged: 
 Data sizes:     COMMON   BANK0   BANK1   BANK2   BANK3   BANK4   BANK5   BANK6   BANK7   BANK8   BANK9  BANK10  BANK11  BANK12
      Params:         0       0       0       0       0       0       0       0       0       0       0       0       0       0
      Locals:         7       0       0       0       0       0       0       0       0       0       0       0       0       0
      Temps:          6       0       0       0       0       0       0       0       0       0       0       0       0       0
      Totals:        13       0       0       0       0       0       0       0       0       0       0       0       0       0
Total ram usage:       13 bytes
 Hardware stack levels used:    1
 Hardware stack levels required when called:    1
 This function calls:
		_capture_IsNegEdge
		i1_capture_setEdge
		i1_data_getdata
		i1_led_SetState
 This function is called by:
		_ISR
 This function uses a non-reentrant model


 *************** function i1_led_SetState *****************
 Defined at:
		line 107 in file "hardware.c"
 Parameters:    Size  Location     Type
  isOn            1    wreg     unsigned char 
 Auto vars:     Size  Location     Type
  isOn            1    0[COMMON] unsigned char 
 Return value:  Size  Location     Type
                  1    wreg      unsigned char 
 Registers used:
		wreg, status,2, status,0
 Tracked objects:
		On entry : 
		On exit  : 
		Unchanged: 
 Data sizes:     COMMON   BANK0   BANK1   BANK2   BANK3   BANK4   BANK5   BANK6   BANK7   BANK8   BANK9  BANK10  BANK11  BANK12
      Params:         0       0       0       0       0       0       0       0       0       0       0       0       0       0
      Locals:         1       0       0       0       0       0       0       0       0       0       0       0       0       0
      Temps:          0       0       0       0       0       0       0       0       0       0       0       0       0       0
      Totals:         1       0       0       0       0       0       0       0       0       0       0       0       0       0
Total ram usage:        1 bytes
 Hardware stack levels used:    1
 This function calls:
		Nothing
 This function is called by:
		_capture_handdle
		_led_Blink
 This function uses a non-reentrant model


 *************** function i1_data_getdata *****************
 Defined at:
		line 9 in file "data.c"
 Parameters:    Size  Location     Type
		None
 Auto vars:     Size  Location     Type
		None
 Return value:  Size  Location     Type
                  1    wreg      PTR volatile struct .
 Registers used:
		wreg
 Tracked objects:
		On entry : 
		On exit  : 
		Unchanged: 
 Data sizes:     COMMON   BANK0   BANK1   BANK2   BANK3   BANK4   BANK5   BANK6   BANK7   BANK8   BANK9  BANK10  BANK11  BANK12
      Params:         0       0       0       0       0       0       0       0       0       0       0       0       0       0
      Locals:         0       0       0       0       0       0       0       0       0       0       0       0       0       0
      Temps:          0       0       0       0       0       0       0       0       0       0       0       0       0       0
      Totals:         0       0       0       0       0       0       0       0       0       0       0       0       0       0
Total ram usage:        0 bytes
 Hardware stack levels used:    1
 This function calls:
		Nothing
 This function is called by:
		_capture_handdle
		_key_isPressed
 This function uses a non-reentrant model


 *************** function i1_capture_setEdge *****************
 Defined at:
		line 12 in file "hardware.c"
 Parameters:    Size  Location     Type
  edge            1    wreg     unsigned char 
 Auto vars:     Size  Location     Type
  edge            1    0[COMMON] unsigned char 
 Return value:  Size  Location     Type
                  2    0[None  ] int 
 Registers used:
		wreg, status,2, status,0
 Tracked objects:
		On entry : 
		On exit  : 
		Unchanged: 
 Data sizes:     COMMON   BANK0   BANK1   BANK2   BANK3   BANK4   BANK5   BANK6   BANK7   BANK8   BANK9  BANK10  BANK11  BANK12
      Params:         0       0       0       0       0       0       0       0       0       0       0       0       0       0
      Locals:         1       0       0       0       0       0       0       0       0       0       0       0       0       0
      Temps:          0       0       0       0       0       0       0       0       0       0       0       0       0       0
      Totals:         1       0       0       0       0       0       0       0       0       0       0       0       0       0
Total ram usage:        1 bytes
 Hardware stack levels used:    1
 This function calls:
		Nothing
 This function is called by:
		_capture_handdle
 This function uses a non-reentrant model


 *************** function _capture_IsNegEdge *****************
 Defined at:
		line 57 in file "hardware.c"
 Parameters:    Size  Location     Type
		None
 Auto vars:     Size  Location     Type
		None
 Return value:  Size  Location     Type
                  1    wreg      enum E5222
 Registers used:
		wreg, status,2, status,0
 Tracked objects:
		On entry : 
		On exit  : 
		Unchanged: 
 Data sizes:     COMMON   BANK0   BANK1   BANK2   BANK3   BANK4   BANK5   BANK6   BANK7   BANK8   BANK9  BANK10  BANK11  BANK12
      Params:         0       0       0       0       0       0       0       0       0       0       0       0       0       0
      Locals:         0       0       0       0       0       0       0       0       0       0       0       0       0       0
      Temps:          0       0       0       0       0       0       0       0       0       0       0       0       0       0
      Totals:         0       0       0       0       0       0       0       0       0       0       0       0       0       0
Total ram usage:        0 bytes
 Hardware stack levels used:    1
 This function calls:
		Nothing
 This function is called by:
		_capture_handdle
 This function uses a non-reentrant model


 *************** function _capture_clrIntrpt *****************
 Defined at:
		line 53 in file "hardware.c"
 Parameters:    Size  Location     Type
		None
 Auto vars:     Size  Location     Type
		None
 Return value:  Size  Location     Type
                  1    wreg      void 
 Registers used:
		None
 Tracked objects:
		On entry : 
		On exit  : 
		Unchanged: 
 Data sizes:     COMMON   BANK0   BANK1   BANK2   BANK3   BANK4   BANK5   BANK6   BANK7   BANK8   BANK9  BANK10  BANK11  BANK12
      Params:         0       0       0       0       0       0       0       0       0       0       0       0       0       0
      Locals:         0       0       0       0       0       0       0       0       0       0       0       0       0       0
      Temps:          0       0       0       0       0       0       0       0       0       0       0       0       0       0
      Totals:         0       0       0       0       0       0       0       0       0       0       0       0       0       0
Total ram usage:        0 bytes
 Hardware stack levels used:    1
 This function calls:
		Nothing
 This function is called by:
		_ISR
 This function uses a non-reentrant model


 *************** function _capture_IsIntrpt *****************
 Defined at:
		line 49 in file "hardware.c"
 Parameters:    Size  Location     Type
		None
 Auto vars:     Size  Location     Type
		None
 Return value:  Size  Location     Type
                  1    wreg      enum E5222
 Registers used:
		wreg, status,2, status,0
 Tracked objects:
		On entry : 
		On exit  : 
		Unchanged: 
 Data sizes:     COMMON   BANK0   BANK1   BANK2   BANK3   BANK4   BANK5   BANK6   BANK7   BANK8   BANK9  BANK10  BANK11  BANK12
      Params:         0       0       0       0       0       0       0       0       0       0       0       0       0       0
      Locals:         0       0       0       0       0       0       0       0       0       0       0       0       0       0
      Temps:          0       0       0       0       0       0       0       0       0       0       0       0       0       0
      Totals:         0       0       0       0       0       0       0       0       0       0       0       0       0       0
Total ram usage:        0 bytes
 Hardware stack levels used:    1
 This function calls:
		Nothing
 This function is called by:
		_ISR
 This function uses a non-reentrant model


 *************** function _bpc_proc *****************
 Defined at:
		line 29 in file "bpc.c"
 Parameters:    Size  Location     Type
		None
 Auto vars:     Size  Location     Type
		None
 Return value:  Size  Location     Type
                  2   74[None  ] int 
 Registers used:
		status,2, status,0, pclath, cstack
 Tracked objects:
		On entry : 
		On exit  : 
		Unchanged: 
 Data sizes:     COMMON   BANK0   BANK1   BANK2   BANK3   BANK4   BANK5   BANK6   BANK7   BANK8   BANK9  BANK10  BANK11  BANK12
      Params:         0       0       0       0       0       0       0       0       0       0       0       0       0       0
      Locals:         0       0       0       0       0       0       0       0       0       0       0       0       0       0
      Temps:          0       0       0       0       0       0       0       0       0       0       0       0       0       0
      Totals:         0       0       0       0       0       0       0       0       0       0       0       0       0       0
Total ram usage:        0 bytes
 Hardware stack levels used:    1
 Hardware stack levels required when called:    1
 This function calls:
		_bpc_Cnt2Qua
 This function is called by:
		_ISR
 This function uses a non-reentrant model


 *************** function _bpc_Cnt2Qua *****************
 Defined at:
		line 19 in file "bpc.c"
 Parameters:    Size  Location     Type
		None
 Auto vars:     Size  Location     Type
		None
 Return value:  Size  Location     Type
                  1    wreg      unsigned char 
 Registers used:
		None
 Tracked objects:
		On entry : 
		On exit  : 
		Unchanged: 
 Data sizes:     COMMON   BANK0   BANK1   BANK2   BANK3   BANK4   BANK5   BANK6   BANK7   BANK8   BANK9  BANK10  BANK11  BANK12
      Params:         0       0       0       0       0       0       0       0       0       0       0       0       0       0
      Locals:         0       0       0       0       0       0       0       0       0       0       0       0       0       0
      Temps:          0       0       0       0       0       0       0       0       0       0       0       0       0       0
      Totals:         0       0       0       0       0       0       0       0       0       0       0       0       0       0
Total ram usage:        0 bytes
 Hardware stack levels used:    1
 This function calls:
		Nothing
 This function is called by:
		_bpc_proc
 This function uses a non-reentrant model



MODULE INFORMATION

Module		Function		Class		Link	Load	Size
F:\other_software\MPLAB_X_IDE\xc8\v2.00\pic\sources\c99\common\lwmod.c
		___lwmod       		CODE           	021E	0000	45

F:\other_software\MPLAB_X_IDE\xc8\v2.00\pic\sources\c99\common\lwmod.c estimated size: 45

F:\other_software\MPLAB_X_IDE\xc8\v2.00\pic\sources\c99\common\awmod.c
		___awmod       		CODE           	019B	0000	71

F:\other_software\MPLAB_X_IDE\xc8\v2.00\pic\sources\c99\common\awmod.c estimated size: 71

data.c
		_data_getdata  		CODE           	0378	0000	3

data.c estimated size: 3

timer.c
		_timer_IsTimer0Itrpt		CODE           	0361	0000	5
		_timer_IsTimer1Itrpt		CODE           	035D	0000	5
		_timer_Timer1ClrIntrpt		CODE           	036C	0000	4
		_timer_Timer1Init		CODE           	02E7	0000	14
		_timer_Timer0Reset		CODE           	0358	0000	6
		_timer_Timer1Start		CODE           	0369	0000	4
		_timer_Timer0Handdle		CODE           	036F	0000	4

timer.c estimated size: 42

shared
		i1_capture_setEdge		CODE           	02D7	0000	17
		i1_led_SetState		CODE           	032E	0000	11
		i1_data_getdata		CODE           	037A	0000	3
		_segmcode      		STRCODE        	030D	0000	12
		__initialization		CODE           	002F	0000	16

shared estimated size: 59

hardware.c
		_capture_IsIntrpt		CODE           	0365	0000	5
		_capture_clrIntrpt		CODE           	0372	0000	4
		_capture_setEdge		CODE           	02C4	0000	20
		_capture_handdle		CODE           	0042	0000	124
		_key_isPressed 		CODE           	01E1	0000	62
		_led_Blink     		CODE           	0323	0000	12
		_led_SetState  		CODE           	0318	0000	12
		_capture_Set   		CODE           	0301	0000	13
		_capture_init  		CODE           	034A	0000	9
		_capture_IsNegEdge		CODE           	0338	0000	11

hardware.c estimated size: 272

display.c
		_display_set   		CODE           	0342	0000	9
		_display_update		CODE           	00BD	0000	115
		_display_write_once		CODE           	029E	0000	39
		_display_control595_delay		CODE           	02F4	0000	14
		_display_write_byte		CODE           	024A	0000	44

display.c estimated size: 221

main.c
		_ISR           		CODE           	0004	0000	42
		_main          		CODE           	0275	0000	42
		_init_env      		CODE           	012F	0000	109

main.c estimated size: 193

bpc.c
		_bpc_Cnt2Qua   		CODE           	037C	0000	2
		_bpc_proc      		CODE           	0375	0000	4

bpc.c estimated size: 6

